<html>
<body>
<pre>
<h1>µVision Build Log</h1>
<h2>Project:</h2>
C:\Users\Samantha\Box\EE 445L\ValvanoWareTM4C123\lab10\Blynk.uvproj
Project File Date:  11/27/2018

<h2>Output:</h2>
Rebuild target 'Blynk'
assembling startup.s...
compiling PLL.c...
compiling UART.c...
compiling Blynk.c...
compiling ST7735.c...
compiling Timer2.c...
compiling Timer3.c...
compiling esp8266.c...
compiling PortF.c...
compiling controller.c...
compiling Timer0A.c...
compiling PWM.c...
compiling Display.c...
compiling TachIn.c...
compiling fixed.c...
linking...
Program Size: Code=9056 RO-data=2280 RW-data=340 ZI-data=2060  
".\Blynk.axf" - 0 Error(s), 0 Warning(s).
Load "C:\\Users\\Samantha\\Box\\EE 445L\\ValvanoWareTM4C123\\lab10\\Blynk.axf" 
Connecting: Mode=JTAG, Speed=1000000Hz
Erase Done.
Programming Done.
Verify OK.
