<html>
<body>
<pre>
<h1>µVision Build Log</h1>
<h2>Project:</h2>
C:\Users\Samantha\Box\EE 445L\ValvanoWareTM4C123\lab10\Blynk.uvproj
Project File Date:  11/27/2018

<h2>Output:</h2>
Build target 'Blynk'
compiling Timer0A.c...
linking...
Program Size: Code=8956 RO-data=2280 RW-data=344 ZI-data=2064  
".\Blynk.axf" - 0 Error(s), 0 Warning(s).
Load "C:\\Users\\Samantha\\Box\\EE 445L\\ValvanoWareTM4C123\\lab10\\Blynk.axf" 
Connecting: Mode=JTAG, Speed=1000000Hz
Erase Done.
Programming Done.
Verify OK.
 TachIn.c...
compiling fixed.c...
linking...
Program Size: Code=8948 RO-data=2280 RW-data=344 ZI-data=2064  
".\Blynk.axf" - 0 Error(s), 0 Warning(s).
Load "C:\\Users\\Samantha\\Box\\EE 445L\\ValvanoWareTM4C123\\lab10\\Blynk.axf" 
Connecting: Mode=JTAG, Speed=1000000Hz
Erase Done.
Programming Done.
Verify OK.
