ARM Linker, 5.03 [Build 76] [MDK-ARM Lite]

==============================================================================

Section Cross References

    startup.o(RESET) refers to startup.o(STACK) for StackMem
    startup.o(RESET) refers to uart.o(i.UART0_Handler) for UART0_Handler
    startup.o(RESET) refers to timer0a.o(i.Timer0A_Handler) for Timer0A_Handler
    startup.o(RESET) refers to timer2.o(i.Timer2A_Handler) for Timer2A_Handler
    startup.o(RESET) refers to timer3.o(i.Timer3A_Handler) for Timer3A_Handler
    startup.o(RESET) refers to esp8266.o(i.UART5_Handler) for UART5_Handler
    startup.o(RESET) refers to entry.o(.ARM.Collect$$$$00000000) for __main
    uart.o(i.RxFifo_Get) refers to uart.o(.data) for RxPutI
    uart.o(i.RxFifo_Get) refers to uart.o(.bss) for RxFifo
    uart.o(i.RxFifo_Init) refers to startup.o(.text) for StartCritical
    uart.o(i.RxFifo_Init) refers to uart.o(.data) for RxGetI
    uart.o(i.RxFifo_Put) refers to uart.o(.data) for RxPutI
    uart.o(i.RxFifo_Put) refers to uart.o(.bss) for RxFifo
    uart.o(i.RxFifo_Size) refers to uart.o(.data) for RxPutI
    uart.o(i.TxFifo_Get) refers to uart.o(.data) for TxPutI
    uart.o(i.TxFifo_Get) refers to uart.o(.bss) for TxFifo
    uart.o(i.TxFifo_Init) refers to startup.o(.text) for StartCritical
    uart.o(i.TxFifo_Init) refers to uart.o(.data) for TxGetI
    uart.o(i.TxFifo_Put) refers to uart.o(.data) for TxPutI
    uart.o(i.TxFifo_Put) refers to uart.o(.bss) for TxFifo
    uart.o(i.TxFifo_Size) refers to uart.o(.data) for TxPutI
    uart.o(i.UART0_Handler) refers to uart.o(i.copySoftwareToHardware) for copySoftwareToHardware
    uart.o(i.UART0_Handler) refers to uart.o(i.TxFifo_Size) for TxFifo_Size
    uart.o(i.UART0_Handler) refers to uart.o(i.copyHardwareToSoftware) for copyHardwareToSoftware
    uart.o(i.UART_InChar) refers to uart.o(i.RxFifo_Get) for RxFifo_Get
    uart.o(i.UART_InCharNonBlock) refers to uart.o(i.RxFifo_Get) for RxFifo_Get
    uart.o(i.UART_InString) refers to uart.o(i.UART_InChar) for UART_InChar
    uart.o(i.UART_InString) refers to uart.o(i.UART_OutChar) for UART_OutChar
    uart.o(i.UART_InUDec) refers to uart.o(i.UART_InChar) for UART_InChar
    uart.o(i.UART_InUDec) refers to uart.o(i.UART_OutChar) for UART_OutChar
    uart.o(i.UART_InUHex) refers to uart.o(i.UART_InChar) for UART_InChar
    uart.o(i.UART_InUHex) refers to uart.o(i.UART_OutChar) for UART_OutChar
    uart.o(i.UART_Init) refers to uart.o(i.RxFifo_Init) for RxFifo_Init
    uart.o(i.UART_Init) refers to uart.o(i.TxFifo_Init) for TxFifo_Init
    uart.o(i.UART_Init) refers to startup.o(.text) for EnableInterrupts
    uart.o(i.UART_OutChar) refers to uart.o(i.TxFifo_Put) for TxFifo_Put
    uart.o(i.UART_OutChar) refers to uart.o(i.copySoftwareToHardware) for copySoftwareToHardware
    uart.o(i.UART_OutString) refers to uart.o(i.UART_OutChar) for UART_OutChar
    uart.o(i.UART_OutUDec) refers to uart.o(i.UART_OutChar) for UART_OutChar
    uart.o(i.UART_OutUHex) refers to uart.o(i.UART_OutChar) for UART_OutChar
    uart.o(i.copyHardwareToSoftware) refers to uart.o(i.RxFifo_Put) for RxFifo_Put
    uart.o(i.copyHardwareToSoftware) refers to uart.o(i.RxFifo_Size) for RxFifo_Size
    uart.o(i.copySoftwareToHardware) refers to uart.o(i.TxFifo_Get) for TxFifo_Get
    uart.o(i.copySoftwareToHardware) refers to uart.o(i.TxFifo_Size) for TxFifo_Size
    blynk.o(i.Blynk_to_TM4C) refers to esp8266.o(i.ESP8266_GetMessage) for ESP8266_GetMessage
    blynk.o(i.Blynk_to_TM4C) refers to uart.o(i.UART_OutChar) for UART_OutChar
    blynk.o(i.Blynk_to_TM4C) refers to strtok.o(.text) for strtok
    blynk.o(i.Blynk_to_TM4C) refers to strcpy.o(.text) for strcpy
    blynk.o(i.Blynk_to_TM4C) refers to atoi.o(.text) for atoi
    blynk.o(i.Blynk_to_TM4C) refers to blynk.o(.bss) for serial_buf
    blynk.o(i.Blynk_to_TM4C) refers to blynk.o(.data) for Pin_Number
    blynk.o(i.Blynk_to_TM4C) refers to controller.o(.data) for speed
    blynk.o(i.SendInformation) refers to portf.o(i.PortF_Input) for PortF_Input
    blynk.o(i.SendInformation) refers to blynk.o(i.TM4C_to_Blynk) for TM4C_to_Blynk
    blynk.o(i.SendInformation) refers to controller.o(.data) for rpm
    blynk.o(i.TM4C_to_Blynk) refers to esp8266.o(i.ESP8266_OutUDec) for ESP8266_OutUDec
    blynk.o(i.TM4C_to_Blynk) refers to esp8266.o(i.ESP8266_OutChar) for ESP8266_OutChar
    blynk.o(i.TM4C_to_Blynk) refers to esp8266.o(i.ESP8266_OutString) for ESP8266_OutString
    blynk.o(i.main) refers to pll.o(i.PLL_Init) for PLL_Init
    blynk.o(i.main) refers to startup.o(.text) for DisableInterrupts
    blynk.o(i.main) refers to timer0a.o(i.Timer0A_Init1Hz) for Timer0A_Init1Hz
    blynk.o(i.main) refers to portf.o(i.PortF_Init) for PortF_Init
    blynk.o(i.main) refers to portf.o(i.PortF_Input) for PortF_Input
    blynk.o(i.main) refers to st7735.o(i.Output_Init) for Output_Init
    blynk.o(i.main) refers to st7735.o(i.ST7735_OutString) for ST7735_OutString
    blynk.o(i.main) refers to uart.o(i.UART_Init) for UART_Init
    blynk.o(i.main) refers to uart.o(i.UART_OutString) for UART_OutString
    blynk.o(i.main) refers to esp8266.o(i.ESP8266_Init) for ESP8266_Init
    blynk.o(i.main) refers to esp8266.o(i.ESP8266_Reset) for ESP8266_Reset
    blynk.o(i.main) refers to esp8266.o(i.ESP8266_SetupWiFi) for ESP8266_SetupWiFi
    blynk.o(i.main) refers to st7735.o(i.ST7735_InitR) for ST7735_InitR
    blynk.o(i.main) refers to st7735.o(i.ST7735_FillScreen) for ST7735_FillScreen
    blynk.o(i.main) refers to controller.o(i.ControllerInit) for ControllerInit
    blynk.o(i.main) refers to timer2.o(i.Timer2_Init) for Timer2_Init
    blynk.o(i.main) refers to timer3.o(i.Timer3_Init) for Timer3_Init
    blynk.o(i.main) refers to controller.o(i.MotorController) for MotorController
    blynk.o(i.main) refers to controller.o(i.DisplayController) for DisplayController
    blynk.o(i.main) refers to blynk.o(.data) for LastF
    blynk.o(i.main) refers to blynk.o(i.Blynk_to_TM4C) for Blynk_to_TM4C
    blynk.o(i.main) refers to blynk.o(i.SendInformation) for SendInformation
    st7735.o(i.Output_Clear) refers to st7735.o(i.ST7735_FillScreen) for ST7735_FillScreen
    st7735.o(i.Output_Color) refers to st7735.o(i.ST7735_SetTextColor) for ST7735_SetTextColor
    st7735.o(i.Output_Init) refers to st7735.o(i.ST7735_InitR) for ST7735_InitR
    st7735.o(i.Output_Init) refers to st7735.o(i.ST7735_FillScreen) for ST7735_FillScreen
    st7735.o(i.Output_Off) refers to st7735.o(i.Output_Clear) for Output_Clear
    st7735.o(i.Output_On) refers to st7735.o(i.Output_Init) for Output_Init
    st7735.o(i.ST7735_DrawBitmap) refers to st7735.o(i.setAddrWindow) for setAddrWindow
    st7735.o(i.ST7735_DrawBitmap) refers to st7735.o(i.writedata) for writedata
    st7735.o(i.ST7735_DrawBitmap) refers to st7735.o(i.deselect) for deselect
    st7735.o(i.ST7735_DrawBitmap) refers to st7735.o(.data) for _width
    st7735.o(i.ST7735_DrawChar) refers to st7735.o(i.setAddrWindow) for setAddrWindow
    st7735.o(i.ST7735_DrawChar) refers to st7735.o(i.pushColor) for pushColor
    st7735.o(i.ST7735_DrawChar) refers to st7735.o(i.deselect) for deselect
    st7735.o(i.ST7735_DrawChar) refers to st7735.o(.data) for _width
    st7735.o(i.ST7735_DrawChar) refers to st7735.o(.constdata) for Font
    st7735.o(i.ST7735_DrawCharS) refers to st7735.o(i.ST7735_DrawPixel) for ST7735_DrawPixel
    st7735.o(i.ST7735_DrawCharS) refers to st7735.o(i.ST7735_FillRect) for ST7735_FillRect
    st7735.o(i.ST7735_DrawCharS) refers to st7735.o(.data) for _width
    st7735.o(i.ST7735_DrawCharS) refers to st7735.o(.constdata) for Font
    st7735.o(i.ST7735_DrawCircle) refers to st7735.o(i.setAddrWindow) for setAddrWindow
    st7735.o(i.ST7735_DrawCircle) refers to st7735.o(i.writedata) for writedata
    st7735.o(i.ST7735_DrawCircle) refers to st7735.o(i.deselect) for deselect
    st7735.o(i.ST7735_DrawCircle) refers to st7735.o(.data) for _width
    st7735.o(i.ST7735_DrawCircle) refers to st7735.o(.constdata) for circle
    st7735.o(i.ST7735_DrawFastHLine) refers to st7735.o(i.setAddrWindow) for setAddrWindow
    st7735.o(i.ST7735_DrawFastHLine) refers to st7735.o(i.writedata) for writedata
    st7735.o(i.ST7735_DrawFastHLine) refers to st7735.o(i.deselect) for deselect
    st7735.o(i.ST7735_DrawFastHLine) refers to st7735.o(.data) for _width
    st7735.o(i.ST7735_DrawFastVLine) refers to st7735.o(i.setAddrWindow) for setAddrWindow
    st7735.o(i.ST7735_DrawFastVLine) refers to st7735.o(i.writedata) for writedata
    st7735.o(i.ST7735_DrawFastVLine) refers to st7735.o(i.deselect) for deselect
    st7735.o(i.ST7735_DrawFastVLine) refers to st7735.o(.data) for _width
    st7735.o(i.ST7735_DrawPixel) refers to st7735.o(i.setAddrWindow) for setAddrWindow
    st7735.o(i.ST7735_DrawPixel) refers to st7735.o(i.pushColor) for pushColor
    st7735.o(i.ST7735_DrawPixel) refers to st7735.o(i.deselect) for deselect
    st7735.o(i.ST7735_DrawPixel) refers to st7735.o(.data) for _width
    st7735.o(i.ST7735_DrawSmallCircle) refers to st7735.o(i.setAddrWindow) for setAddrWindow
    st7735.o(i.ST7735_DrawSmallCircle) refers to st7735.o(i.writedata) for writedata
    st7735.o(i.ST7735_DrawSmallCircle) refers to st7735.o(i.deselect) for deselect
    st7735.o(i.ST7735_DrawSmallCircle) refers to st7735.o(.data) for _width
    st7735.o(i.ST7735_DrawSmallCircle) refers to st7735.o(.constdata) for smallCircle
    st7735.o(i.ST7735_DrawString) refers to st7735.o(i.ST7735_DrawCharS) for ST7735_DrawCharS
    st7735.o(i.ST7735_FillRect) refers to st7735.o(i.setAddrWindow) for setAddrWindow
    st7735.o(i.ST7735_FillRect) refers to st7735.o(i.writedata) for writedata
    st7735.o(i.ST7735_FillRect) refers to st7735.o(i.deselect) for deselect
    st7735.o(i.ST7735_FillRect) refers to st7735.o(.data) for _width
    st7735.o(i.ST7735_FillScreen) refers to st7735.o(i.ST7735_FillRect) for ST7735_FillRect
    st7735.o(i.ST7735_FillScreen) refers to st7735.o(.data) for _height
    st7735.o(i.ST7735_InitB) refers to st7735.o(i.commonInit) for commonInit
    st7735.o(i.ST7735_InitB) refers to st7735.o(i.ST7735_SetCursor) for ST7735_SetCursor
    st7735.o(i.ST7735_InitB) refers to st7735.o(i.ST7735_FillScreen) for ST7735_FillScreen
    st7735.o(i.ST7735_InitB) refers to st7735.o(.constdata) for Bcmd
    st7735.o(i.ST7735_InitB) refers to st7735.o(.data) for StTextColor
    st7735.o(i.ST7735_InitR) refers to st7735.o(i.commonInit) for commonInit
    st7735.o(i.ST7735_InitR) refers to st7735.o(i.commandList) for commandList
    st7735.o(i.ST7735_InitR) refers to st7735.o(i.writecommand) for writecommand
    st7735.o(i.ST7735_InitR) refers to st7735.o(i.writedata) for writedata
    st7735.o(i.ST7735_InitR) refers to st7735.o(i.ST7735_SetCursor) for ST7735_SetCursor
    st7735.o(i.ST7735_InitR) refers to st7735.o(i.ST7735_FillScreen) for ST7735_FillScreen
    st7735.o(i.ST7735_InitR) refers to st7735.o(.constdata) for Rcmd1
    st7735.o(i.ST7735_InitR) refers to st7735.o(.data) for ColStart
    st7735.o(i.ST7735_InvertDisplay) refers to st7735.o(i.writecommand) for writecommand
    st7735.o(i.ST7735_InvertDisplay) refers to st7735.o(i.deselect) for deselect
    st7735.o(i.ST7735_OutChar) refers to st7735.o(i.ST7735_DrawString) for ST7735_DrawString
    st7735.o(i.ST7735_OutChar) refers to st7735.o(i.ST7735_DrawCharS) for ST7735_DrawCharS
    st7735.o(i.ST7735_OutChar) refers to st7735.o(.data) for StY
    st7735.o(i.ST7735_OutString) refers to st7735.o(i.ST7735_OutChar) for ST7735_OutChar
    st7735.o(i.ST7735_OutUDec) refers to st7735.o(i.fillmessage) for fillmessage
    st7735.o(i.ST7735_OutUDec) refers to st7735.o(i.ST7735_DrawString) for ST7735_DrawString
    st7735.o(i.ST7735_OutUDec) refers to st7735.o(i.ST7735_DrawCharS) for ST7735_DrawCharS
    st7735.o(i.ST7735_OutUDec) refers to st7735.o(.data) for Messageindex
    st7735.o(i.ST7735_OutUDec) refers to st7735.o(.bss) for Message
    st7735.o(i.ST7735_PlotBar) refers to st7735.o(i.ST7735_DrawFastVLine) for ST7735_DrawFastVLine
    st7735.o(i.ST7735_PlotBar) refers to st7735.o(.data) for Ymin
    st7735.o(i.ST7735_PlotClear) refers to st7735.o(i.ST7735_Color565) for ST7735_Color565
    st7735.o(i.ST7735_PlotClear) refers to st7735.o(i.ST7735_FillRect) for ST7735_FillRect
    st7735.o(i.ST7735_PlotClear) refers to st7735.o(.data) for Ymax
    st7735.o(i.ST7735_PlotLine) refers to st7735.o(i.ST7735_DrawPixel) for ST7735_DrawPixel
    st7735.o(i.ST7735_PlotLine) refers to st7735.o(.data) for Ymin
    st7735.o(i.ST7735_PlotNext) refers to st7735.o(.data) for X
    st7735.o(i.ST7735_PlotNextErase) refers to st7735.o(i.ST7735_Color565) for ST7735_Color565
    st7735.o(i.ST7735_PlotNextErase) refers to st7735.o(i.ST7735_DrawFastVLine) for ST7735_DrawFastVLine
    st7735.o(i.ST7735_PlotNextErase) refers to st7735.o(.data) for X
    st7735.o(i.ST7735_PlotPoint) refers to st7735.o(i.ST7735_DrawPixel) for ST7735_DrawPixel
    st7735.o(i.ST7735_PlotPoint) refers to st7735.o(.data) for Ymin
    st7735.o(i.ST7735_PlotPoints) refers to st7735.o(i.ST7735_DrawPixel) for ST7735_DrawPixel
    st7735.o(i.ST7735_PlotPoints) refers to st7735.o(.data) for Ymin
    st7735.o(i.ST7735_PlotdBfs) refers to st7735.o(i.ST7735_DrawFastVLine) for ST7735_DrawFastVLine
    st7735.o(i.ST7735_PlotdBfs) refers to st7735.o(.constdata) for dBfs
    st7735.o(i.ST7735_PlotdBfs) refers to st7735.o(.data) for X
    st7735.o(i.ST7735_SetCursor) refers to st7735.o(.data) for StX
    st7735.o(i.ST7735_SetRotation) refers to st7735.o(i.writecommand) for writecommand
    st7735.o(i.ST7735_SetRotation) refers to st7735.o(i.writedata) for writedata
    st7735.o(i.ST7735_SetRotation) refers to st7735.o(i.deselect) for deselect
    st7735.o(i.ST7735_SetRotation) refers to st7735.o(.data) for Rotation
    st7735.o(i.ST7735_SetTextColor) refers to st7735.o(.data) for StTextColor
    st7735.o(i.commandList) refers to st7735.o(i.writecommand) for writecommand
    st7735.o(i.commandList) refers to st7735.o(i.writedata) for writedata
    st7735.o(i.commandList) refers to st7735.o(i.Delay1ms) for Delay1ms
    st7735.o(i.commonInit) refers to st7735.o(i.Delay1ms) for Delay1ms
    st7735.o(i.commonInit) refers to st7735.o(i.commandList) for commandList
    st7735.o(i.commonInit) refers to st7735.o(.data) for RowStart
    st7735.o(i.fillmessage) refers to st7735.o(.bss) for Message
    st7735.o(i.fillmessage) refers to st7735.o(.data) for Messageindex
    st7735.o(i.fputc) refers to st7735.o(i.ST7735_OutChar) for ST7735_OutChar
    st7735.o(i.pushColor) refers to st7735.o(i.writedata) for writedata
    st7735.o(i.setAddrWindow) refers to st7735.o(i.writecommand) for writecommand
    st7735.o(i.setAddrWindow) refers to st7735.o(i.writedata) for writedata
    st7735.o(i.setAddrWindow) refers to st7735.o(.data) for ColStart
    timer2.o(i.Timer2A_Handler) refers to timer2.o(.data) for PeriodicTask2
    timer2.o(i.Timer2_Init) refers to timer2.o(.data) for PeriodicTask2
    timer3.o(i.Timer3A_Handler) refers to timer3.o(.data) for PeriodicTask3
    timer3.o(i.Timer3_Init) refers to timer3.o(.data) for PeriodicTask3
    esp8266.o(i.ESP8266_AvailableInput) refers to esp8266.o(i.Rx5Fifo_Size) for Rx5Fifo_Size
    esp8266.o(i.ESP8266_GetMessage) refers to esp8266.o(.data) for Rx5PutI
    esp8266.o(i.ESP8266_GetMessage) refers to esp8266.o(.bss) for Rx5Fifo
    esp8266.o(i.ESP8266_Init) refers to esp8266.o(i.UART5_Init) for UART5_Init
    esp8266.o(i.ESP8266_Init) refers to startup.o(.text) for EnableInterrupts
    esp8266.o(i.ESP8266_OutChar) refers to esp8266.o(i.Tx5Fifo_Put) for Tx5Fifo_Put
    esp8266.o(i.ESP8266_OutChar) refers to esp8266.o(i.copySoftwareToHardware5) for copySoftwareToHardware5
    esp8266.o(i.ESP8266_OutString) refers to esp8266.o(i.ESP8266_OutChar) for ESP8266_OutChar
    esp8266.o(i.ESP8266_OutUDec) refers to esp8266.o(i.ESP8266_OutChar) for ESP8266_OutChar
    esp8266.o(i.ESP8266_Reset) refers to uart.o(i.UART_OutString) for UART_OutString
    esp8266.o(i.ESP8266_Reset) refers to esp8266.o(i.DelayMs) for DelayMs
    esp8266.o(i.ESP8266_SetupWiFi) refers to uart.o(i.UART_OutString) for UART_OutString
    esp8266.o(i.ESP8266_SetupWiFi) refers to st7735.o(i.Output_Color) for Output_Color
    esp8266.o(i.ESP8266_SetupWiFi) refers to st7735.o(i.ST7735_OutString) for ST7735_OutString
    esp8266.o(i.ESP8266_SetupWiFi) refers to esp8266.o(i.DelayMs) for DelayMs
    esp8266.o(i.ESP8266_SetupWiFi) refers to esp8266.o(i.ESP8266_OutString) for ESP8266_OutString
    esp8266.o(i.ESP8266_SetupWiFi) refers to esp8266.o(i.ESP8266_OutChar) for ESP8266_OutChar
    esp8266.o(i.ESP8266_SetupWiFi) refers to uart.o(i.UART_OutChar) for UART_OutChar
    esp8266.o(i.ESP8266_SetupWiFi) refers to st7735.o(i.ST7735_OutChar) for ST7735_OutChar
    esp8266.o(i.ESP8266_SetupWiFi) refers to esp8266.o(i.ESP8266_GetMessage) for ESP8266_GetMessage
    esp8266.o(i.ESP8266_SetupWiFi) refers to esp8266.o(i.Rx5Fifo_Init) for Rx5Fifo_Init
    esp8266.o(i.ESP8266_SetupWiFi) refers to esp8266.o(.data) for auth
    esp8266.o(i.ESP8266_SetupWiFi) refers to esp8266.o(.bss) for RxMessage
    esp8266.o(i.Rx5Fifo_Init) refers to startup.o(.text) for StartCritical
    esp8266.o(i.Rx5Fifo_Init) refers to esp8266.o(.data) for Rx5PutJ
    esp8266.o(i.Rx5Fifo_Put) refers to esp8266.o(.data) for Rx5PutI
    esp8266.o(i.Rx5Fifo_Put) refers to esp8266.o(.bss) for Rx5Fifo
    esp8266.o(i.Rx5Fifo_Size) refers to esp8266.o(.data) for Rx5PutI
    esp8266.o(i.Tx5Fifo_Get) refers to esp8266.o(.data) for Tx5PutI
    esp8266.o(i.Tx5Fifo_Get) refers to esp8266.o(.bss) for Tx5Fifo
    esp8266.o(i.Tx5Fifo_Init) refers to startup.o(.text) for StartCritical
    esp8266.o(i.Tx5Fifo_Init) refers to esp8266.o(.data) for Tx5GetI
    esp8266.o(i.Tx5Fifo_Put) refers to esp8266.o(.data) for Tx5PutI
    esp8266.o(i.Tx5Fifo_Put) refers to esp8266.o(.bss) for Tx5Fifo
    esp8266.o(i.Tx5Fifo_Size) refers to esp8266.o(.data) for Tx5PutI
    esp8266.o(i.UART5_Handler) refers to esp8266.o(i.copySoftwareToHardware5) for copySoftwareToHardware5
    esp8266.o(i.UART5_Handler) refers to esp8266.o(i.Tx5Fifo_Size) for Tx5Fifo_Size
    esp8266.o(i.UART5_Handler) refers to esp8266.o(i.copyHardwareToSoftware5) for copyHardwareToSoftware5
    esp8266.o(i.UART5_Init) refers to esp8266.o(i.Rx5Fifo_Init) for Rx5Fifo_Init
    esp8266.o(i.UART5_Init) refers to esp8266.o(i.Tx5Fifo_Init) for Tx5Fifo_Init
    esp8266.o(i.copyHardwareToSoftware5) refers to esp8266.o(i.Rx5Fifo_Put) for Rx5Fifo_Put
    esp8266.o(i.copyHardwareToSoftware5) refers to esp8266.o(i.Rx5Fifo_Size) for Rx5Fifo_Size
    esp8266.o(i.copySoftwareToHardware5) refers to esp8266.o(i.Tx5Fifo_Get) for Tx5Fifo_Get
    esp8266.o(i.copySoftwareToHardware5) refers to esp8266.o(i.Tx5Fifo_Size) for Tx5Fifo_Size
    controller.o(i.ControllerInit) refers to display.o(i.DisplayInit) for DisplayInit
    controller.o(i.ControllerInit) refers to tachin.o(i.TachInit) for TachInit
    controller.o(i.ControllerInit) refers to pwm.o(i.PWM0A_Init) for PWM0A_Init
    controller.o(i.DisplayController) refers to display.o(i.DisplaySpeed) for DisplaySpeed
    controller.o(i.DisplayController) refers to controller.o(.data) for rpm
    timer0a.o(i.Timer0A_Init1Hz) refers to startup.o(.text) for DisableInterrupts
    display.o(i.DisplayInit) refers to st7735.o(i.ST7735_InitR) for ST7735_InitR
    display.o(i.DisplayInit) refers to st7735.o(i.ST7735_FillScreen) for ST7735_FillScreen
    display.o(i.DisplaySpeed) refers to st7735.o(i.ST7735_SetCursor) for ST7735_SetCursor
    display.o(i.DisplaySpeed) refers to st7735.o(i.ST7735_OutUDec) for ST7735_OutUDec
    entry.o(.ARM.Collect$$$$00000000) refers (Special) to entry10a.o(.ARM.Collect$$$$0000000D) for __rt_final_cpp
    entry.o(.ARM.Collect$$$$00000000) refers (Special) to entry11a.o(.ARM.Collect$$$$0000000F) for __rt_final_exit
    entry.o(.ARM.Collect$$$$00000000) refers (Special) to entry7b.o(.ARM.Collect$$$$00000008) for _main_clock
    entry.o(.ARM.Collect$$$$00000000) refers (Special) to entry8b.o(.ARM.Collect$$$$0000000A) for _main_cpp_init
    entry.o(.ARM.Collect$$$$00000000) refers (Special) to entry9a.o(.ARM.Collect$$$$0000000B) for _main_init
    entry.o(.ARM.Collect$$$$00000000) refers (Special) to entry5.o(.ARM.Collect$$$$00000004) for _main_scatterload
    entry.o(.ARM.Collect$$$$00000000) refers (Special) to entry2.o(.ARM.Collect$$$$00000001) for _main_stk
    strtok.o(.text) refers to strtok.o(.data) for .data
    strtok_r.o(.text) refers to strtok_r.o(.data) for .data
    atoi.o(.text) refers to errno.o(i.__aeabi_errno_addr) for __aeabi_errno_addr
    atoi.o(.text) refers to strtol.o(.text) for strtol
    entry2.o(.ARM.Collect$$$$00000001) refers to entry2.o(.ARM.Collect$$$$00002712) for __lit__00000000
    entry2.o(.ARM.Collect$$$$00002712) refers to startup.o(STACK) for __initial_sp
    entry2.o(__vectab_stack_and_reset_area) refers to startup.o(STACK) for __initial_sp
    entry2.o(__vectab_stack_and_reset_area) refers to entry.o(.ARM.Collect$$$$00000000) for __main
    entry5.o(.ARM.Collect$$$$00000004) refers to init.o(.text) for __scatterload
    entry9a.o(.ARM.Collect$$$$0000000B) refers to blynk.o(i.main) for main
    entry9b.o(.ARM.Collect$$$$0000000C) refers to blynk.o(i.main) for main
    errno.o(i.__aeabi_errno_addr) refers to errno.o(.data) for .data
    errno.o(i.__read_errno) refers to errno.o(.data) for .data
    errno.o(i.__set_errno) refers to errno.o(.data) for .data
    strtol.o(.text) refers to ctype_o.o(.text) for __rt_ctype_table
    strtol.o(.text) refers to _strtoul.o(.text) for _strtoul
    strtol.o(.text) refers to errno.o(i.__aeabi_errno_addr) for __aeabi_errno_addr
    init.o(.text) refers to entry5.o(.ARM.Collect$$$$00000004) for __main_after_scatterload
    ctype_o.o(.text) refers to ctype_o.o(.constdata) for .constdata
    ctype_o.o(.constdata) refers to ctype_o.o(.constdata) for __ctype_table
    isalnum_o.o(.text) refers to ctype_o.o(.text) for __rt_ctype_table
    isalpha_o.o(.text) refers to ctype_o.o(.text) for __rt_ctype_table
    isblank_o.o(.text) refers to ctype_o.o(.constdata) for __ctype_table
    iscntrl_o.o(.text) refers to ctype_o.o(.text) for __rt_ctype_table
    isdigit_o.o(.text) refers to ctype_o.o(.text) for __rt_ctype_table
    isgraph_o.o(.text) refers to ctype_o.o(.text) for __rt_ctype_table
    islower_o.o(.text) refers to ctype_o.o(.text) for __rt_ctype_table
    isprint_o.o(.text) refers to ctype_o.o(.text) for __rt_ctype_table
    ispunct_o.o(.text) refers to ctype_o.o(.text) for __rt_ctype_table
    isspace_o.o(.text) refers to ctype_o.o(.text) for __rt_ctype_table
    isupper_o.o(.text) refers to ctype_o.o(.text) for __rt_ctype_table
    isxdigit_o.o(.text) refers to ctype_o.o(.text) for __rt_ctype_table
    _strtoul.o(.text) refers to _chval.o(.text) for _chval
    _strtoul.o(.text) refers to errno.o(i.__aeabi_errno_addr) for __aeabi_errno_addr


==============================================================================

Removing Unused input sections from the image.

    Removing startup.o(HEAP), (0 bytes).
    Removing uart.o(i.RxFifo_Get), (60 bytes).
    Removing uart.o(i.UART_InChar), (20 bytes).
    Removing uart.o(i.UART_InCharNonBlock), (20 bytes).
    Removing uart.o(i.UART_InString), (70 bytes).
    Removing uart.o(i.UART_InUDec), (76 bytes).
    Removing uart.o(i.UART_InUHex), (108 bytes).
    Removing uart.o(i.UART_OutUDec), (42 bytes).
    Removing uart.o(i.UART_OutUHex), (52 bytes).
    Removing st7735.o(i.Output_Clear), (10 bytes).
    Removing st7735.o(i.Output_Off), (8 bytes).
    Removing st7735.o(i.Output_On), (8 bytes).
    Removing st7735.o(i.ST7735_Color565), (24 bytes).
    Removing st7735.o(i.ST7735_DrawBitmap), (292 bytes).
    Removing st7735.o(i.ST7735_DrawChar), (272 bytes).
    Removing st7735.o(i.ST7735_DrawCircle), (172 bytes).
    Removing st7735.o(i.ST7735_DrawFastHLine), (128 bytes).
    Removing st7735.o(i.ST7735_DrawFastVLine), (128 bytes).
    Removing st7735.o(i.ST7735_DrawSmallCircle), (172 bytes).
    Removing st7735.o(i.ST7735_InitB), (40 bytes).
    Removing st7735.o(i.ST7735_InvertDisplay), (26 bytes).
    Removing st7735.o(i.ST7735_PlotBar), (88 bytes).
    Removing st7735.o(i.ST7735_PlotClear), (92 bytes).
    Removing st7735.o(i.ST7735_PlotLine), (264 bytes).
    Removing st7735.o(i.ST7735_PlotNext), (32 bytes).
    Removing st7735.o(i.ST7735_PlotNextErase), (64 bytes).
    Removing st7735.o(i.ST7735_PlotPoint), (152 bytes).
    Removing st7735.o(i.ST7735_PlotPoints), (172 bytes).
    Removing st7735.o(i.ST7735_PlotdBfs), (60 bytes).
    Removing st7735.o(i.ST7735_SetRotation), (216 bytes).
    Removing st7735.o(i.ST7735_SwapColor), (18 bytes).
    Removing st7735.o(i.ferror), (8 bytes).
    Removing st7735.o(i.fgetc), (6 bytes).
    Removing st7735.o(i.fputc), (16 bytes).
    Removing esp8266.o(i.ESP8266_AvailableInput), (8 bytes).
    Removing portf.o(i.PortF_Output), (12 bytes).
    Removing timer0a.o(.data), (4 bytes).
    Removing pwm.o(i.PWM0A_Duty), (12 bytes).
    Removing pwm.o(i.PWM0B_Duty), (12 bytes).
    Removing pwm.o(i.PWM0B_Init), (188 bytes).
    Removing tachin.o(i.TachCapture), (2 bytes).

41 unused section(s) (total 3154 bytes) removed from the image.

==============================================================================

Image Symbol Table

    Local Symbols

    Symbol Name                              Value     Ov Type        Size  Object(Section)

    RESET                                    0x00000000   Section      644  startup.o(RESET)
    ../clib/microlib/ctype/ctype.c           0x00000000   Number         0  isblank_o.o ABSOLUTE
    ../clib/microlib/ctype/ctype.c           0x00000000   Number         0  islower_o.o ABSOLUTE
    ../clib/microlib/ctype/ctype.c           0x00000000   Number         0  isgraph_o.o ABSOLUTE
    ../clib/microlib/ctype/ctype.c           0x00000000   Number         0  isalnum_o.o ABSOLUTE
    ../clib/microlib/ctype/ctype.c           0x00000000   Number         0  ispunct_o.o ABSOLUTE
    ../clib/microlib/ctype/ctype.c           0x00000000   Number         0  isupper_o.o ABSOLUTE
    ../clib/microlib/ctype/ctype.c           0x00000000   Number         0  ctype_o.o ABSOLUTE
    ../clib/microlib/ctype/ctype.c           0x00000000   Number         0  isxdigit_o.o ABSOLUTE
    ../clib/microlib/ctype/ctype.c           0x00000000   Number         0  isprint_o.o ABSOLUTE
    ../clib/microlib/ctype/ctype.c           0x00000000   Number         0  isdigit_o.o ABSOLUTE
    ../clib/microlib/ctype/ctype.c           0x00000000   Number         0  iscntrl_o.o ABSOLUTE
    ../clib/microlib/ctype/ctype.c           0x00000000   Number         0  isspace_o.o ABSOLUTE
    ../clib/microlib/ctype/ctype.c           0x00000000   Number         0  isalpha_o.o ABSOLUTE
    ../clib/microlib/errno.c                 0x00000000   Number         0  errno.o ABSOLUTE
    ../clib/microlib/init/entry.s            0x00000000   Number         0  entry.o ABSOLUTE
    ../clib/microlib/init/entry.s            0x00000000   Number         0  entry2.o ABSOLUTE
    ../clib/microlib/init/entry.s            0x00000000   Number         0  entry8b.o ABSOLUTE
    ../clib/microlib/init/entry.s            0x00000000   Number         0  entry8a.o ABSOLUTE
    ../clib/microlib/init/entry.s            0x00000000   Number         0  entry10b.o ABSOLUTE
    ../clib/microlib/init/entry.s            0x00000000   Number         0  entry7b.o ABSOLUTE
    ../clib/microlib/init/entry.s            0x00000000   Number         0  entry7a.o ABSOLUTE
    ../clib/microlib/init/entry.s            0x00000000   Number         0  entry11b.o ABSOLUTE
    ../clib/microlib/init/entry.s            0x00000000   Number         0  entry5.o ABSOLUTE
    ../clib/microlib/init/entry.s            0x00000000   Number         0  entry11a.o ABSOLUTE
    ../clib/microlib/init/entry.s            0x00000000   Number         0  entry10a.o ABSOLUTE
    ../clib/microlib/init/entry.s            0x00000000   Number         0  entry9b.o ABSOLUTE
    ../clib/microlib/init/entry.s            0x00000000   Number         0  entry9a.o ABSOLUTE
    ../clib/microlib/string/strcpy.c         0x00000000   Number         0  strcpy.o ABSOLUTE
    ../clib/microlib/string/strtok.c         0x00000000   Number         0  strtok_r.o ABSOLUTE
    ../clib/microlib/string/strtok.c         0x00000000   Number         0  strtok.o ABSOLUTE
    ../clib/scanf.c                          0x00000000   Number         0  atoi.o ABSOLUTE
    ../clib/scanf.c                          0x00000000   Number         0  strtol.o ABSOLUTE
    ../clib/scanf.c                          0x00000000   Number         0  _strtoul.o ABSOLUTE
    ../clib/scanf.c                          0x00000000   Number         0  _chval.o ABSOLUTE
    Blynk.c                                  0x00000000   Number         0  blynk.o ABSOLUTE
    Display.c                                0x00000000   Number         0  display.o ABSOLUTE
    PLL.c                                    0x00000000   Number         0  pll.o ABSOLUTE
    PWM.c                                    0x00000000   Number         0  pwm.o ABSOLUTE
    PortF.c                                  0x00000000   Number         0  portf.o ABSOLUTE
    ST7735.c                                 0x00000000   Number         0  st7735.o ABSOLUTE
    TachIn.c                                 0x00000000   Number         0  tachin.o ABSOLUTE
    Timer0A.c                                0x00000000   Number         0  timer0a.o ABSOLUTE
    Timer2.c                                 0x00000000   Number         0  timer2.o ABSOLUTE
    Timer3.c                                 0x00000000   Number         0  timer3.o ABSOLUTE
    UART.c                                   0x00000000   Number         0  uart.o ABSOLUTE
    controller.c                             0x00000000   Number         0  controller.o ABSOLUTE
    dc.s                                     0x00000000   Number         0  dc.o ABSOLUTE
    esp8266.c                                0x00000000   Number         0  esp8266.o ABSOLUTE
    handlers.s                               0x00000000   Number         0  handlers.o ABSOLUTE
    init.s                                   0x00000000   Number         0  init.o ABSOLUTE
    startup.s                                0x00000000   Number         0  startup.o ABSOLUTE
    .ARM.Collect$$$$00000000                 0x00000284   Section        0  entry.o(.ARM.Collect$$$$00000000)
    .ARM.Collect$$$$00000001                 0x00000284   Section        4  entry2.o(.ARM.Collect$$$$00000001)
    .ARM.Collect$$$$00000004                 0x00000288   Section        4  entry5.o(.ARM.Collect$$$$00000004)
    .ARM.Collect$$$$00000008                 0x0000028c   Section        0  entry7b.o(.ARM.Collect$$$$00000008)
    .ARM.Collect$$$$0000000A                 0x0000028c   Section        0  entry8b.o(.ARM.Collect$$$$0000000A)
    .ARM.Collect$$$$0000000B                 0x0000028c   Section        8  entry9a.o(.ARM.Collect$$$$0000000B)
    .ARM.Collect$$$$0000000D                 0x00000294   Section        0  entry10a.o(.ARM.Collect$$$$0000000D)
    .ARM.Collect$$$$0000000F                 0x00000294   Section        0  entry11a.o(.ARM.Collect$$$$0000000F)
    .ARM.Collect$$$$00002712                 0x00000294   Section        4  entry2.o(.ARM.Collect$$$$00002712)
    __lit__00000000                          0x00000294   Data           4  entry2.o(.ARM.Collect$$$$00002712)
    .text                                    0x00000298   Section       28  startup.o(.text)
    .text                                    0x000002b4   Section        0  strcpy.o(.text)
    .text                                    0x000002c8   Section        0  strtok.o(.text)
    .text                                    0x0000030c   Section        0  atoi.o(.text)
    .text                                    0x00000326   Section        0  strtol.o(.text)
    .text                                    0x00000398   Section       36  init.o(.text)
    .text                                    0x000003bc   Section        0  ctype_o.o(.text)
    .text                                    0x000003c4   Section        0  _strtoul.o(.text)
    .text                                    0x00000462   Section        0  _chval.o(.text)
    i.Blynk_to_TM4C                          0x00000480   Section        0  blynk.o(i.Blynk_to_TM4C)
    i.ControllerInit                         0x00000524   Section        0  controller.o(i.ControllerInit)
    i.Delay1ms                               0x0000053a   Section        0  st7735.o(i.Delay1ms)
    i.DelayMs                                0x0000055a   Section        0  esp8266.o(i.DelayMs)
    i.DisplayController                      0x0000057c   Section        0  controller.o(i.DisplayController)
    i.DisplayInit                            0x0000058c   Section        0  display.o(i.DisplayInit)
    i.DisplaySpeed                           0x0000059c   Section        0  display.o(i.DisplaySpeed)
    i.ESP8266_GetMessage                     0x000005b0   Section        0  esp8266.o(i.ESP8266_GetMessage)
    i.ESP8266_Init                           0x00000600   Section        0  esp8266.o(i.ESP8266_Init)
    i.ESP8266_OutChar                        0x00000688   Section        0  esp8266.o(i.ESP8266_OutChar)
    i.ESP8266_OutString                      0x000006bc   Section        0  esp8266.o(i.ESP8266_OutString)
    i.ESP8266_OutUDec                        0x000006d4   Section        0  esp8266.o(i.ESP8266_OutUDec)
    i.ESP8266_Reset                          0x00000700   Section        0  esp8266.o(i.ESP8266_Reset)
    i.ESP8266_SetupWiFi                      0x000007f8   Section        0  esp8266.o(i.ESP8266_SetupWiFi)
    i.MotorController                        0x00000a10   Section        0  controller.o(i.MotorController)
    i.Output_Color                           0x00000a12   Section        0  st7735.o(i.Output_Color)
    i.Output_Init                            0x00000a1e   Section        0  st7735.o(i.Output_Init)
    i.PLL_Init                               0x00000a30   Section        0  pll.o(i.PLL_Init)
    i.PWM0A_Init                             0x00000aac   Section        0  pwm.o(i.PWM0A_Init)
    i.PortF_Init                             0x00000b64   Section        0  portf.o(i.PortF_Init)
    i.PortF_Input                            0x00000bc0   Section        0  portf.o(i.PortF_Input)
    i.Rx5Fifo_Init                           0x00000bd0   Section        0  esp8266.o(i.Rx5Fifo_Init)
    i.Rx5Fifo_Put                            0x00000bfc   Section        0  esp8266.o(i.Rx5Fifo_Put)
    i.Rx5Fifo_Size                           0x00000ccc   Section        0  esp8266.o(i.Rx5Fifo_Size)
    i.RxFifo_Init                            0x00000ce0   Section        0  uart.o(i.RxFifo_Init)
    i.RxFifo_Put                             0x00000d04   Section        0  uart.o(i.RxFifo_Put)
    i.RxFifo_Size                            0x00000d40   Section        0  uart.o(i.RxFifo_Size)
    i.ST7735_DrawCharS                       0x00000d54   Section        0  st7735.o(i.ST7735_DrawCharS)
    i.ST7735_DrawPixel                       0x00000e48   Section        0  st7735.o(i.ST7735_DrawPixel)
    i.ST7735_DrawString                      0x00000e94   Section        0  st7735.o(i.ST7735_DrawString)
    i.ST7735_FillRect                        0x00000eec   Section        0  st7735.o(i.ST7735_FillRect)
    i.ST7735_FillScreen                      0x00000f9c   Section        0  st7735.o(i.ST7735_FillScreen)
    i.ST7735_InitR                           0x00000fc0   Section        0  st7735.o(i.ST7735_InitR)
    i.ST7735_OutChar                         0x0000103c   Section        0  st7735.o(i.ST7735_OutChar)
    i.ST7735_OutString                       0x00001114   Section        0  st7735.o(i.ST7735_OutString)
    i.ST7735_OutUDec                         0x0000112c   Section        0  st7735.o(i.ST7735_OutUDec)
    i.ST7735_SetCursor                       0x000011b8   Section        0  st7735.o(i.ST7735_SetCursor)
    i.ST7735_SetTextColor                    0x000011d8   Section        0  st7735.o(i.ST7735_SetTextColor)
    i.SendInformation                        0x000011e4   Section        0  blynk.o(i.SendInformation)
    i.TM4C_to_Blynk                          0x000011fc   Section        0  blynk.o(i.TM4C_to_Blynk)
    i.TachInit                               0x00001238   Section        0  tachin.o(i.TachInit)
    i.Timer0A_Handler                        0x000012a0   Section        0  timer0a.o(i.Timer0A_Handler)
    i.Timer0A_Init1Hz                        0x000012d0   Section        0  timer0a.o(i.Timer0A_Init1Hz)
    i.Timer2A_Handler                        0x00001338   Section        0  timer2.o(i.Timer2A_Handler)
    i.Timer2_Init                            0x00001350   Section        0  timer2.o(i.Timer2_Init)
    i.Timer3A_Handler                        0x000013b0   Section        0  timer3.o(i.Timer3A_Handler)
    i.Timer3_Init                            0x000013c8   Section        0  timer3.o(i.Timer3_Init)
    i.Tx5Fifo_Get                            0x00001428   Section        0  esp8266.o(i.Tx5Fifo_Get)
    i.Tx5Fifo_Init                           0x00001460   Section        0  esp8266.o(i.Tx5Fifo_Init)
    i.Tx5Fifo_Put                            0x00001484   Section        0  esp8266.o(i.Tx5Fifo_Put)
    i.Tx5Fifo_Size                           0x000014c0   Section        0  esp8266.o(i.Tx5Fifo_Size)
    i.TxFifo_Get                             0x000014d4   Section        0  uart.o(i.TxFifo_Get)
    i.TxFifo_Init                            0x00001510   Section        0  uart.o(i.TxFifo_Init)
    i.TxFifo_Put                             0x00001534   Section        0  uart.o(i.TxFifo_Put)
    i.TxFifo_Size                            0x00001570   Section        0  uart.o(i.TxFifo_Size)
    i.UART0_Handler                          0x00001584   Section        0  uart.o(i.UART0_Handler)
    i.UART5_Handler                          0x000015dc   Section        0  esp8266.o(i.UART5_Handler)
    i.UART5_Init                             0x00001634   Section        0  esp8266.o(i.UART5_Init)
    i.UART_Init                              0x0000170c   Section        0  uart.o(i.UART_Init)
    i.UART_OutChar                           0x000017d8   Section        0  uart.o(i.UART_OutChar)
    i.UART_OutString                         0x0000180c   Section        0  uart.o(i.UART_OutString)
    i.__aeabi_errno_addr                     0x00001824   Section        0  errno.o(i.__aeabi_errno_addr)
    i.__scatterload_copy                     0x0000182c   Section       14  handlers.o(i.__scatterload_copy)
    i.__scatterload_null                     0x0000183a   Section        2  handlers.o(i.__scatterload_null)
    i.__scatterload_zeroinit                 0x0000183c   Section       14  handlers.o(i.__scatterload_zeroinit)
    i.commandList                            0x0000184a   Section        0  st7735.o(i.commandList)
    commandList                              0x0000184b   Thumb Code    86  st7735.o(i.commandList)
    i.commonInit                             0x000018a0   Section        0  st7735.o(i.commonInit)
    commonInit                               0x000018a1   Thumb Code   340  st7735.o(i.commonInit)
    i.copyHardwareToSoftware                 0x00001a24   Section        0  uart.o(i.copyHardwareToSoftware)
    copyHardwareToSoftware                   0x00001a25   Thumb Code    36  uart.o(i.copyHardwareToSoftware)
    i.copyHardwareToSoftware5                0x00001a4c   Section        0  esp8266.o(i.copyHardwareToSoftware5)
    copyHardwareToSoftware5                  0x00001a4d   Thumb Code    36  esp8266.o(i.copyHardwareToSoftware5)
    i.copySoftwareToHardware                 0x00001a74   Section        0  uart.o(i.copySoftwareToHardware)
    copySoftwareToHardware                   0x00001a75   Thumb Code    38  uart.o(i.copySoftwareToHardware)
    i.copySoftwareToHardware5                0x00001aa0   Section        0  esp8266.o(i.copySoftwareToHardware5)
    copySoftwareToHardware5                  0x00001aa1   Thumb Code    38  esp8266.o(i.copySoftwareToHardware5)
    i.deselect                               0x00001acc   Section        0  st7735.o(i.deselect)
    deselect                                 0x00001acd   Thumb Code    24  st7735.o(i.deselect)
    i.fillmessage                            0x00001ae8   Section        0  st7735.o(i.fillmessage)
    i.main                                   0x00001b30   Section        0  blynk.o(i.main)
    i.pushColor                              0x00001bf0   Section        0  st7735.o(i.pushColor)
    pushColor                                0x00001bf1   Thumb Code    18  st7735.o(i.pushColor)
    i.setAddrWindow                          0x00001c04   Section        0  st7735.o(i.setAddrWindow)
    setAddrWindow                            0x00001c05   Thumb Code   106  st7735.o(i.setAddrWindow)
    i.writecommand                           0x00001c78   Section        0  st7735.o(i.writecommand)
    writecommand                             0x00001c79   Thumb Code    46  st7735.o(i.writecommand)
    i.writedata                              0x00001cb0   Section        0  st7735.o(i.writedata)
    writedata                                0x00001cb1   Thumb Code    24  st7735.o(i.writedata)
    .constdata                               0x00001cd0   Section     2114  st7735.o(.constdata)
    Font                                     0x00001cd0   Data        1275  st7735.o(.constdata)
    Bcmd                                     0x000021cb   Data         103  st7735.o(.constdata)
    Rcmd1                                    0x00002232   Data          59  st7735.o(.constdata)
    Rcmd2green                               0x0000226d   Data          13  st7735.o(.constdata)
    Rcmd2red                                 0x0000227a   Data          13  st7735.o(.constdata)
    Rcmd3                                    0x00002287   Data          43  st7735.o(.constdata)
    .constdata                               0x00002512   Section      129  ctype_o.o(.constdata)
    .constdata                               0x00002594   Section        4  ctype_o.o(.constdata)
    table                                    0x00002594   Data           4  ctype_o.o(.constdata)
    .data                                    0x20000000   Section       16  uart.o(.data)
    .data                                    0x20000010   Section       36  blynk.o(.data)
    .data                                    0x20000034   Section       44  st7735.o(.data)
    _width                                   0x2000003e   Data           2  st7735.o(.data)
    _height                                  0x20000040   Data           2  st7735.o(.data)
    ColStart                                 0x20000048   Data           1  st7735.o(.data)
    RowStart                                 0x20000049   Data           1  st7735.o(.data)
    Rotation                                 0x2000004a   Data           1  st7735.o(.data)
    TabColor                                 0x2000004b   Data           1  st7735.o(.data)
    .data                                    0x20000060   Section        4  timer2.o(.data)
    .data                                    0x20000064   Section        4  timer3.o(.data)
    .data                                    0x20000068   Section      148  esp8266.o(.data)
    .data                                    0x200000fc   Section        8  controller.o(.data)
    .data                                    0x20000104   Section        4  strtok.o(.data)
    state                                    0x20000104   Data           4  strtok.o(.data)
    .data                                    0x20000108   Section        4  errno.o(.data)
    _errno                                   0x20000108   Data           4  errno.o(.data)
    .bss                                     0x2000010c   Section      128  uart.o(.bss)
    RxFifo                                   0x2000010c   Data          64  uart.o(.bss)
    TxFifo                                   0x2000014c   Data          64  uart.o(.bss)
    .bss                                     0x2000018c   Section       64  blynk.o(.bss)
    .bss                                     0x200001cc   Section       12  st7735.o(.bss)
    .bss                                     0x200001d8   Section      832  esp8266.o(.bss)
    Tx5Fifo                                  0x20000418   Data         256  esp8266.o(.bss)
    STACK                                    0x20000518   Section     1024  startup.o(STACK)
    StackMem                                 0x20000518   Data           0  startup.o(STACK)

    Global Symbols

    Symbol Name                              Value     Ov Type        Size  Object(Section)

    BuildAttributes$$THM_ISAv4$E$P$D$K$B$S$7EM$PE$A:L22UL41UL21$X:L11$S22US41US21$IEEE1$IW$USESV6$~STKCKD$USESV7$~SHL$OSPACE$EBA8$MICROLIB$REQ8$PRES8$EABIv2 0x00000000   Number         0  anon$$obj.o ABSOLUTE
    __ARM_use_no_argv                        0x00000000   Number         0  blynk.o ABSOLUTE
    __Vectors                                0x00000000   Data           0  startup.o(RESET)
    __cpp_initialize__aeabi_                  - Undefined Weak Reference
    __cxa_finalize                            - Undefined Weak Reference
    __decompress                              - Undefined Weak Reference
    _clock_init                               - Undefined Weak Reference
    _microlib_exit                            - Undefined Weak Reference
    Reset_Handler                            0x0000026d   Thumb Code     0  startup.o(RESET)
    NMI_Handler                              0x00000271   Thumb Code     2  startup.o(RESET)
    HardFault_Handler                        0x00000273   Thumb Code     2  startup.o(RESET)
    MemManage_Handler                        0x00000275   Thumb Code     2  startup.o(RESET)
    BusFault_Handler                         0x00000277   Thumb Code     2  startup.o(RESET)
    UsageFault_Handler                       0x00000279   Thumb Code     2  startup.o(RESET)
    SVC_Handler                              0x0000027b   Thumb Code     2  startup.o(RESET)
    DebugMon_Handler                         0x0000027d   Thumb Code     2  startup.o(RESET)
    PendSV_Handler                           0x0000027f   Thumb Code     2  startup.o(RESET)
    SysTick_Handler                          0x00000281   Thumb Code     2  startup.o(RESET)
    ADC0Seq0_Handler                         0x00000283   Thumb Code     0  startup.o(RESET)
    ADC0Seq1_Handler                         0x00000283   Thumb Code     0  startup.o(RESET)
    ADC0Seq2_Handler                         0x00000283   Thumb Code     0  startup.o(RESET)
    ADC0Seq3_Handler                         0x00000283   Thumb Code     0  startup.o(RESET)
    ADC1Seq0_Handler                         0x00000283   Thumb Code     0  startup.o(RESET)
    ADC1Seq1_Handler                         0x00000283   Thumb Code     0  startup.o(RESET)
    ADC1Seq2_Handler                         0x00000283   Thumb Code     0  startup.o(RESET)
    ADC1Seq3_Handler                         0x00000283   Thumb Code     0  startup.o(RESET)
    CAN0_Handler                             0x00000283   Thumb Code     0  startup.o(RESET)
    CAN1_Handler                             0x00000283   Thumb Code     0  startup.o(RESET)
    CAN2_Handler                             0x00000283   Thumb Code     0  startup.o(RESET)
    Comp0_Handler                            0x00000283   Thumb Code     0  startup.o(RESET)
    Comp1_Handler                            0x00000283   Thumb Code     0  startup.o(RESET)
    Comp2_Handler                            0x00000283   Thumb Code     0  startup.o(RESET)
    Ethernet_Handler                         0x00000283   Thumb Code     0  startup.o(RESET)
    ExtBus_Handler                           0x00000283   Thumb Code     0  startup.o(RESET)
    FPU_Handler                              0x00000283   Thumb Code     0  startup.o(RESET)
    Fan0_Handler                             0x00000283   Thumb Code     0  startup.o(RESET)
    FlashCtl_Handler                         0x00000283   Thumb Code     0  startup.o(RESET)
    GPIOPortA_Handler                        0x00000283   Thumb Code     0  startup.o(RESET)
    GPIOPortB_Handler                        0x00000283   Thumb Code     0  startup.o(RESET)
    GPIOPortC_Handler                        0x00000283   Thumb Code     0  startup.o(RESET)
    GPIOPortD_Handler                        0x00000283   Thumb Code     0  startup.o(RESET)
    GPIOPortE_Handler                        0x00000283   Thumb Code     0  startup.o(RESET)
    GPIOPortF_Handler                        0x00000283   Thumb Code     0  startup.o(RESET)
    GPIOPortG_Handler                        0x00000283   Thumb Code     0  startup.o(RESET)
    GPIOPortH_Handler                        0x00000283   Thumb Code     0  startup.o(RESET)
    GPIOPortJ_Handler                        0x00000283   Thumb Code     0  startup.o(RESET)
    GPIOPortK_Handler                        0x00000283   Thumb Code     0  startup.o(RESET)
    GPIOPortL_Handler                        0x00000283   Thumb Code     0  startup.o(RESET)
    GPIOPortM_Handler                        0x00000283   Thumb Code     0  startup.o(RESET)
    GPIOPortN_Handler                        0x00000283   Thumb Code     0  startup.o(RESET)
    GPIOPortP1_Handler                       0x00000283   Thumb Code     0  startup.o(RESET)
    GPIOPortP2_Handler                       0x00000283   Thumb Code     0  startup.o(RESET)
    GPIOPortP3_Handler                       0x00000283   Thumb Code     0  startup.o(RESET)
    GPIOPortP4_Handler                       0x00000283   Thumb Code     0  startup.o(RESET)
    GPIOPortP5_Handler                       0x00000283   Thumb Code     0  startup.o(RESET)
    GPIOPortP6_Handler                       0x00000283   Thumb Code     0  startup.o(RESET)
    GPIOPortP7_Handler                       0x00000283   Thumb Code     0  startup.o(RESET)
    GPIOPortP_Handler                        0x00000283   Thumb Code     0  startup.o(RESET)
    GPIOPortQ1_Handler                       0x00000283   Thumb Code     0  startup.o(RESET)
    GPIOPortQ2_Handler                       0x00000283   Thumb Code     0  startup.o(RESET)
    GPIOPortQ3_Handler                       0x00000283   Thumb Code     0  startup.o(RESET)
    GPIOPortQ4_Handler                       0x00000283   Thumb Code     0  startup.o(RESET)
    GPIOPortQ5_Handler                       0x00000283   Thumb Code     0  startup.o(RESET)
    GPIOPortQ6_Handler                       0x00000283   Thumb Code     0  startup.o(RESET)
    GPIOPortQ7_Handler                       0x00000283   Thumb Code     0  startup.o(RESET)
    GPIOPortQ_Handler                        0x00000283   Thumb Code     0  startup.o(RESET)
    GPIOPortR_Handler                        0x00000283   Thumb Code     0  startup.o(RESET)
    GPIOPortS_Handler                        0x00000283   Thumb Code     0  startup.o(RESET)
    Hibernate_Handler                        0x00000283   Thumb Code     0  startup.o(RESET)
    I2C0_Handler                             0x00000283   Thumb Code     0  startup.o(RESET)
    I2C1_Handler                             0x00000283   Thumb Code     0  startup.o(RESET)
    I2C2_Handler                             0x00000283   Thumb Code     0  startup.o(RESET)
    I2C3_Handler                             0x00000283   Thumb Code     0  startup.o(RESET)
    I2C4_Handler                             0x00000283   Thumb Code     0  startup.o(RESET)
    I2C5_Handler                             0x00000283   Thumb Code     0  startup.o(RESET)
    I2S0_Handler                             0x00000283   Thumb Code     0  startup.o(RESET)
    LPC0_Handler                             0x00000283   Thumb Code     0  startup.o(RESET)
    PECI0_Handler                            0x00000283   Thumb Code     0  startup.o(RESET)
    PWM0Fault_Handler                        0x00000283   Thumb Code     0  startup.o(RESET)
    PWM0Generator0_Handler                   0x00000283   Thumb Code     0  startup.o(RESET)
    PWM0Generator1_Handler                   0x00000283   Thumb Code     0  startup.o(RESET)
    PWM0Generator2_Handler                   0x00000283   Thumb Code     0  startup.o(RESET)
    PWM0Generator3_Handler                   0x00000283   Thumb Code     0  startup.o(RESET)
    PWM1Fault_Handler                        0x00000283   Thumb Code     0  startup.o(RESET)
    PWM1Generator0_Handler                   0x00000283   Thumb Code     0  startup.o(RESET)
    PWM1Generator1_Handler                   0x00000283   Thumb Code     0  startup.o(RESET)
    PWM1Generator2_Handler                   0x00000283   Thumb Code     0  startup.o(RESET)
    PWM1Generator3_Handler                   0x00000283   Thumb Code     0  startup.o(RESET)
    Quadrature0_Handler                      0x00000283   Thumb Code     0  startup.o(RESET)
    Quadrature1_Handler                      0x00000283   Thumb Code     0  startup.o(RESET)
    Quadrature2_Handler                      0x00000283   Thumb Code     0  startup.o(RESET)
    SSI0_Handler                             0x00000283   Thumb Code     0  startup.o(RESET)
    SSI1_Handler                             0x00000283   Thumb Code     0  startup.o(RESET)
    SSI2_Handler                             0x00000283   Thumb Code     0  startup.o(RESET)
    SSI3_Handler                             0x00000283   Thumb Code     0  startup.o(RESET)
    SysCtl_Handler                           0x00000283   Thumb Code     0  startup.o(RESET)
    Timer0B_Handler                          0x00000283   Thumb Code     0  startup.o(RESET)
    Timer1A_Handler                          0x00000283   Thumb Code     0  startup.o(RESET)
    Timer1B_Handler                          0x00000283   Thumb Code     0  startup.o(RESET)
    Timer2B_Handler                          0x00000283   Thumb Code     0  startup.o(RESET)
    Timer3B_Handler                          0x00000283   Thumb Code     0  startup.o(RESET)
    Timer4A_Handler                          0x00000283   Thumb Code     0  startup.o(RESET)
    Timer4B_Handler                          0x00000283   Thumb Code     0  startup.o(RESET)
    Timer5A_Handler                          0x00000283   Thumb Code     0  startup.o(RESET)
    Timer5B_Handler                          0x00000283   Thumb Code     0  startup.o(RESET)
    UART1_Handler                            0x00000283   Thumb Code     0  startup.o(RESET)
    UART2_Handler                            0x00000283   Thumb Code     0  startup.o(RESET)
    UART3_Handler                            0x00000283   Thumb Code     0  startup.o(RESET)
    UART4_Handler                            0x00000283   Thumb Code     0  startup.o(RESET)
    UART6_Handler                            0x00000283   Thumb Code     0  startup.o(RESET)
    UART7_Handler                            0x00000283   Thumb Code     0  startup.o(RESET)
    USB0_Handler                             0x00000283   Thumb Code     0  startup.o(RESET)
    WDT_Handler                              0x00000283   Thumb Code     0  startup.o(RESET)
    WideTimer0A_Handler                      0x00000283   Thumb Code     0  startup.o(RESET)
    WideTimer0B_Handler                      0x00000283   Thumb Code     0  startup.o(RESET)
    WideTimer1A_Handler                      0x00000283   Thumb Code     0  startup.o(RESET)
    WideTimer1B_Handler                      0x00000283   Thumb Code     0  startup.o(RESET)
    WideTimer2A_Handler                      0x00000283   Thumb Code     0  startup.o(RESET)
    WideTimer2B_Handler                      0x00000283   Thumb Code     0  startup.o(RESET)
    WideTimer3A_Handler                      0x00000283   Thumb Code     0  startup.o(RESET)
    WideTimer3B_Handler                      0x00000283   Thumb Code     0  startup.o(RESET)
    WideTimer4A_Handler                      0x00000283   Thumb Code     0  startup.o(RESET)
    WideTimer4B_Handler                      0x00000283   Thumb Code     0  startup.o(RESET)
    WideTimer5A_Handler                      0x00000283   Thumb Code     0  startup.o(RESET)
    WideTimer5B_Handler                      0x00000283   Thumb Code     0  startup.o(RESET)
    uDMA_Error                               0x00000283   Thumb Code     0  startup.o(RESET)
    uDMA_Handler                             0x00000283   Thumb Code     0  startup.o(RESET)
    __main                                   0x00000285   Thumb Code     0  entry.o(.ARM.Collect$$$$00000000)
    _main_stk                                0x00000285   Thumb Code     0  entry2.o(.ARM.Collect$$$$00000001)
    _main_scatterload                        0x00000289   Thumb Code     0  entry5.o(.ARM.Collect$$$$00000004)
    __main_after_scatterload                 0x0000028d   Thumb Code     0  entry5.o(.ARM.Collect$$$$00000004)
    _main_clock                              0x0000028d   Thumb Code     0  entry7b.o(.ARM.Collect$$$$00000008)
    _main_cpp_init                           0x0000028d   Thumb Code     0  entry8b.o(.ARM.Collect$$$$0000000A)
    _main_init                               0x0000028d   Thumb Code     0  entry9a.o(.ARM.Collect$$$$0000000B)
    __rt_final_cpp                           0x00000295   Thumb Code     0  entry10a.o(.ARM.Collect$$$$0000000D)
    __rt_final_exit                          0x00000295   Thumb Code     0  entry11a.o(.ARM.Collect$$$$0000000F)
    DisableInterrupts                        0x00000299   Thumb Code     0  startup.o(.text)
    EnableInterrupts                         0x0000029d   Thumb Code     0  startup.o(.text)
    StartCritical                            0x000002a1   Thumb Code     0  startup.o(.text)
    EndCritical                              0x000002a9   Thumb Code     0  startup.o(.text)
    WaitForInterrupt                         0x000002af   Thumb Code     0  startup.o(.text)
    strcpy                                   0x000002b5   Thumb Code    18  strcpy.o(.text)
    strtok                                   0x000002c9   Thumb Code    62  strtok.o(.text)
    atoi                                     0x0000030d   Thumb Code    26  atoi.o(.text)
    strtol                                   0x00000327   Thumb Code   112  strtol.o(.text)
    __scatterload                            0x00000399   Thumb Code    28  init.o(.text)
    __scatterload_rt2                        0x00000399   Thumb Code     0  init.o(.text)
    __rt_ctype_table                         0x000003bd   Thumb Code     4  ctype_o.o(.text)
    _strtoul                                 0x000003c5   Thumb Code   158  _strtoul.o(.text)
    _chval                                   0x00000463   Thumb Code    28  _chval.o(.text)
    Blynk_to_TM4C                            0x00000481   Thumb Code   130  blynk.o(i.Blynk_to_TM4C)
    ControllerInit                           0x00000525   Thumb Code    22  controller.o(i.ControllerInit)
    Delay1ms                                 0x0000053b   Thumb Code    32  st7735.o(i.Delay1ms)
    DelayMs                                  0x0000055b   Thumb Code    32  esp8266.o(i.DelayMs)
    DisplayController                        0x0000057d   Thumb Code    12  controller.o(i.DisplayController)
    DisplayInit                              0x0000058d   Thumb Code    16  display.o(i.DisplayInit)
    DisplaySpeed                             0x0000059d   Thumb Code    20  display.o(i.DisplaySpeed)
    ESP8266_GetMessage                       0x000005b1   Thumb Code    66  esp8266.o(i.ESP8266_GetMessage)
    ESP8266_Init                             0x00000601   Thumb Code   118  esp8266.o(i.ESP8266_Init)
    ESP8266_OutChar                          0x00000689   Thumb Code    46  esp8266.o(i.ESP8266_OutChar)
    ESP8266_OutString                        0x000006bd   Thumb Code    24  esp8266.o(i.ESP8266_OutString)
    ESP8266_OutUDec                          0x000006d5   Thumb Code    42  esp8266.o(i.ESP8266_OutUDec)
    ESP8266_Reset                            0x00000701   Thumb Code    68  esp8266.o(i.ESP8266_Reset)
    ESP8266_SetupWiFi                        0x000007f9   Thumb Code   260  esp8266.o(i.ESP8266_SetupWiFi)
    MotorController                          0x00000a11   Thumb Code     2  controller.o(i.MotorController)
    Output_Color                             0x00000a13   Thumb Code    12  st7735.o(i.Output_Color)
    Output_Init                              0x00000a1f   Thumb Code    16  st7735.o(i.Output_Init)
    PLL_Init                                 0x00000a31   Thumb Code   118  pll.o(i.PLL_Init)
    PWM0A_Init                               0x00000aad   Thumb Code   158  pwm.o(i.PWM0A_Init)
    PortF_Init                               0x00000b65   Thumb Code    74  portf.o(i.PortF_Init)
    PortF_Input                              0x00000bc1   Thumb Code    10  portf.o(i.PortF_Input)
    Rx5Fifo_Init                             0x00000bd1   Thumb Code    30  esp8266.o(i.Rx5Fifo_Init)
    Rx5Fifo_Put                              0x00000bfd   Thumb Code   192  esp8266.o(i.Rx5Fifo_Put)
    Rx5Fifo_Size                             0x00000ccd   Thumb Code    12  esp8266.o(i.Rx5Fifo_Size)
    RxFifo_Init                              0x00000ce1   Thumb Code    26  uart.o(i.RxFifo_Init)
    RxFifo_Put                               0x00000d05   Thumb Code    48  uart.o(i.RxFifo_Put)
    RxFifo_Size                              0x00000d41   Thumb Code    12  uart.o(i.RxFifo_Size)
    ST7735_DrawCharS                         0x00000d55   Thumb Code   232  st7735.o(i.ST7735_DrawCharS)
    ST7735_DrawPixel                         0x00000e49   Thumb Code    68  st7735.o(i.ST7735_DrawPixel)
    ST7735_DrawString                        0x00000e95   Thumb Code    86  st7735.o(i.ST7735_DrawString)
    ST7735_FillRect                          0x00000eed   Thumb Code   168  st7735.o(i.ST7735_FillRect)
    ST7735_FillScreen                        0x00000f9d   Thumb Code    28  st7735.o(i.ST7735_FillScreen)
    ST7735_InitR                             0x00000fc1   Thumb Code    90  st7735.o(i.ST7735_InitR)
    ST7735_OutChar                           0x0000103d   Thumb Code   178  st7735.o(i.ST7735_OutChar)
    ST7735_OutString                         0x00001115   Thumb Code    24  st7735.o(i.ST7735_OutString)
    ST7735_OutUDec                           0x0000112d   Thumb Code   118  st7735.o(i.ST7735_OutUDec)
    ST7735_SetCursor                         0x000011b9   Thumb Code    22  st7735.o(i.ST7735_SetCursor)
    ST7735_SetTextColor                      0x000011d9   Thumb Code     6  st7735.o(i.ST7735_SetTextColor)
    SendInformation                          0x000011e5   Thumb Code    20  blynk.o(i.SendInformation)
    TM4C_to_Blynk                            0x000011fd   Thumb Code    50  blynk.o(i.TM4C_to_Blynk)
    TachInit                                 0x00001239   Thumb Code    90  tachin.o(i.TachInit)
    Timer0A_Handler                          0x000012a1   Thumb Code    40  timer0a.o(i.Timer0A_Handler)
    Timer0A_Init1Hz                          0x000012d1   Thumb Code    84  timer0a.o(i.Timer0A_Init1Hz)
    Timer2A_Handler                          0x00001339   Thumb Code    16  timer2.o(i.Timer2A_Handler)
    Timer2_Init                              0x00001351   Thumb Code    76  timer2.o(i.Timer2_Init)
    Timer3A_Handler                          0x000013b1   Thumb Code    16  timer3.o(i.Timer3A_Handler)
    Timer3_Init                              0x000013c9   Thumb Code    74  timer3.o(i.Timer3_Init)
    Tx5Fifo_Get                              0x00001429   Thumb Code    44  esp8266.o(i.Tx5Fifo_Get)
    Tx5Fifo_Init                             0x00001461   Thumb Code    26  esp8266.o(i.Tx5Fifo_Init)
    Tx5Fifo_Put                              0x00001485   Thumb Code    46  esp8266.o(i.Tx5Fifo_Put)
    Tx5Fifo_Size                             0x000014c1   Thumb Code    12  esp8266.o(i.Tx5Fifo_Size)
    TxFifo_Get                               0x000014d5   Thumb Code    46  uart.o(i.TxFifo_Get)
    TxFifo_Init                              0x00001511   Thumb Code    26  uart.o(i.TxFifo_Init)
    TxFifo_Put                               0x00001535   Thumb Code    48  uart.o(i.TxFifo_Put)
    TxFifo_Size                              0x00001571   Thumb Code    12  uart.o(i.TxFifo_Size)
    UART0_Handler                            0x00001585   Thumb Code    82  uart.o(i.UART0_Handler)
    UART5_Handler                            0x000015dd   Thumb Code    82  esp8266.o(i.UART5_Handler)
    UART5_Init                               0x00001635   Thumb Code   190  esp8266.o(i.UART5_Init)
    UART_Init                                0x0000170d   Thumb Code   180  uart.o(i.UART_Init)
    UART_OutChar                             0x000017d9   Thumb Code    46  uart.o(i.UART_OutChar)
    UART_OutString                           0x0000180d   Thumb Code    24  uart.o(i.UART_OutString)
    __aeabi_errno_addr                       0x00001825   Thumb Code     4  errno.o(i.__aeabi_errno_addr)
    __rt_errno_addr                          0x00001825   Thumb Code     0  errno.o(i.__aeabi_errno_addr)
    __scatterload_copy                       0x0000182d   Thumb Code    14  handlers.o(i.__scatterload_copy)
    __scatterload_null                       0x0000183b   Thumb Code     2  handlers.o(i.__scatterload_null)
    __scatterload_zeroinit                   0x0000183d   Thumb Code    14  handlers.o(i.__scatterload_zeroinit)
    fillmessage                              0x00001ae9   Thumb Code    64  st7735.o(i.fillmessage)
    main                                     0x00001b31   Thumb Code   108  blynk.o(i.main)
    smallCircle                              0x000022b2   Data          36  st7735.o(.constdata)
    circle                                   0x000022d6   Data          60  st7735.o(.constdata)
    dBfs                                     0x00002312   Data         512  st7735.o(.constdata)
    __ctype_table                            0x00002512   Data         129  ctype_o.o(.constdata)
    Region$$Table$$Base                      0x00002598   Number         0  anon$$obj.o(Region$$Table)
    Region$$Table$$Limit                     0x000025b8   Number         0  anon$$obj.o(Region$$Table)
    RxPutI                                   0x20000000   Data           4  uart.o(.data)
    RxGetI                                   0x20000004   Data           4  uart.o(.data)
    TxPutI                                   0x20000008   Data           4  uart.o(.data)
    TxGetI                                   0x2000000c   Data           4  uart.o(.data)
    Pin_Number                               0x20000010   Data           2  blynk.o(.data)
    Pin_Integer                              0x20000012   Data           8  blynk.o(.data)
    Pin_Float                                0x2000001a   Data           8  blynk.o(.data)
    LED                                      0x20000024   Data           4  blynk.o(.data)
    LastF                                    0x20000028   Data           4  blynk.o(.data)
    pin_num                                  0x2000002c   Data           4  blynk.o(.data)
    pin_int                                  0x20000030   Data           4  blynk.o(.data)
    StX                                      0x20000034   Data           4  st7735.o(.data)
    StY                                      0x20000038   Data           4  st7735.o(.data)
    StTextColor                              0x2000003c   Data           2  st7735.o(.data)
    lastj                                    0x20000044   Data           4  st7735.o(.data)
    Messageindex                             0x2000004c   Data           4  st7735.o(.data)
    Ymax                                     0x20000050   Data           4  st7735.o(.data)
    Ymin                                     0x20000054   Data           4  st7735.o(.data)
    X                                        0x20000058   Data           4  st7735.o(.data)
    Yrange                                   0x2000005c   Data           4  st7735.o(.data)
    PeriodicTask2                            0x20000060   Data           4  timer2.o(.data)
    PeriodicTask3                            0x20000064   Data           4  timer3.o(.data)
    ssid                                     0x20000068   Data          32  esp8266.o(.data)
    pass                                     0x20000088   Data          32  esp8266.o(.data)
    auth                                     0x200000a8   Data          64  esp8266.o(.data)
    Rx5PutI                                  0x200000e8   Data           4  esp8266.o(.data)
    Rx5PutJ                                  0x200000ec   Data           4  esp8266.o(.data)
    Rx5GetI                                  0x200000f0   Data           4  esp8266.o(.data)
    Tx5PutI                                  0x200000f4   Data           4  esp8266.o(.data)
    Tx5GetI                                  0x200000f8   Data           4  esp8266.o(.data)
    rpm                                      0x200000fc   Data           4  controller.o(.data)
    speed                                    0x20000100   Data           4  controller.o(.data)
    serial_buf                               0x2000018c   Data          64  blynk.o(.bss)
    Message                                  0x200001cc   Data          12  st7735.o(.bss)
    Rx5Fifo                                  0x200001d8   Data         512  esp8266.o(.bss)
    RxMessage                                0x200003d8   Data          64  esp8266.o(.bss)
    __initial_sp                             0x20000918   Data           0  startup.o(STACK)



==============================================================================

Memory Map of the image

  Image Entry point : 0x0000026d

  Load Region LR_1 (Base: 0x00000000, Size: 0x000026c4, Max: 0xffffffff, ABSOLUTE)

    Execution Region ER_RO (Base: 0x00000000, Size: 0x000025b8, Max: 0xffffffff, ABSOLUTE)

    Base Addr    Size         Type   Attr      Idx    E Section Name        Object

    0x00000000   0x00000284   Code   RO            3  * RESET               startup.o
    0x00000284   0x00000000   Code   RO          837  * .ARM.Collect$$$$00000000  mc_w.l(entry.o)
    0x00000284   0x00000004   Code   RO          850    .ARM.Collect$$$$00000001  mc_w.l(entry2.o)
    0x00000288   0x00000004   Code   RO          853    .ARM.Collect$$$$00000004  mc_w.l(entry5.o)
    0x0000028c   0x00000000   Code   RO          855    .ARM.Collect$$$$00000008  mc_w.l(entry7b.o)
    0x0000028c   0x00000000   Code   RO          857    .ARM.Collect$$$$0000000A  mc_w.l(entry8b.o)
    0x0000028c   0x00000008   Code   RO          858    .ARM.Collect$$$$0000000B  mc_w.l(entry9a.o)
    0x00000294   0x00000000   Code   RO          860    .ARM.Collect$$$$0000000D  mc_w.l(entry10a.o)
    0x00000294   0x00000000   Code   RO          862    .ARM.Collect$$$$0000000F  mc_w.l(entry11a.o)
    0x00000294   0x00000004   Code   RO          851    .ARM.Collect$$$$00002712  mc_w.l(entry2.o)
    0x00000298   0x0000001c   Code   RO            4    .text               startup.o
    0x000002b4   0x00000012   Code   RO          840    .text               mc_w.l(strcpy.o)
    0x000002c6   0x00000002   PAD
    0x000002c8   0x00000044   Code   RO          842    .text               mc_w.l(strtok.o)
    0x0000030c   0x0000001a   Code   RO          848    .text               mc_w.l(atoi.o)
    0x00000326   0x00000070   Code   RO          871    .text               mc_w.l(strtol.o)
    0x00000396   0x00000002   PAD
    0x00000398   0x00000024   Code   RO          873    .text               mc_w.l(init.o)
    0x000003bc   0x00000008   Code   RO          875    .text               mc_w.l(ctype_o.o)
    0x000003c4   0x0000009e   Code   RO          903    .text               mc_w.l(_strtoul.o)
    0x00000462   0x0000001c   Code   RO          905    .text               mc_w.l(_chval.o)
    0x0000047e   0x00000002   PAD
    0x00000480   0x000000a4   Code   RO          171    i.Blynk_to_TM4C     blynk.o
    0x00000524   0x00000016   Code   RO          718    i.ControllerInit    controller.o
    0x0000053a   0x00000020   Code   RO          234    i.Delay1ms          st7735.o
    0x0000055a   0x00000020   Code   RO          566    i.DelayMs           esp8266.o
    0x0000057a   0x00000002   PAD
    0x0000057c   0x00000010   Code   RO          719    i.DisplayController  controller.o
    0x0000058c   0x00000010   Code   RO          801    i.DisplayInit       display.o
    0x0000059c   0x00000014   Code   RO          802    i.DisplaySpeed      display.o
    0x000005b0   0x00000050   Code   RO          568    i.ESP8266_GetMessage  esp8266.o
    0x00000600   0x00000088   Code   RO          569    i.ESP8266_Init      esp8266.o
    0x00000688   0x00000034   Code   RO          570    i.ESP8266_OutChar   esp8266.o
    0x000006bc   0x00000018   Code   RO          571    i.ESP8266_OutString  esp8266.o
    0x000006d4   0x0000002a   Code   RO          572    i.ESP8266_OutUDec   esp8266.o
    0x000006fe   0x00000002   PAD
    0x00000700   0x000000f8   Code   RO          573    i.ESP8266_Reset     esp8266.o
    0x000007f8   0x00000218   Code   RO          574    i.ESP8266_SetupWiFi  esp8266.o
    0x00000a10   0x00000002   Code   RO          720    i.MotorController   controller.o
    0x00000a12   0x0000000c   Code   RO          236    i.Output_Color      st7735.o
    0x00000a1e   0x00000010   Code   RO          237    i.Output_Init       st7735.o
    0x00000a2e   0x00000002   PAD
    0x00000a30   0x0000007c   Code   RO           12    i.PLL_Init          pll.o
    0x00000aac   0x000000b8   Code   RO          772    i.PWM0A_Init        pwm.o
    0x00000b64   0x0000005c   Code   RO          694    i.PortF_Init        portf.o
    0x00000bc0   0x00000010   Code   RO          695    i.PortF_Input       portf.o
    0x00000bd0   0x0000002c   Code   RO          575    i.Rx5Fifo_Init      esp8266.o
    0x00000bfc   0x000000d0   Code   RO          576    i.Rx5Fifo_Put       esp8266.o
    0x00000ccc   0x00000014   Code   RO          577    i.Rx5Fifo_Size      esp8266.o
    0x00000ce0   0x00000024   Code   RO           35    i.RxFifo_Init       uart.o
    0x00000d04   0x0000003c   Code   RO           36    i.RxFifo_Put        uart.o
    0x00000d40   0x00000014   Code   RO           37    i.RxFifo_Size       uart.o
    0x00000d54   0x000000f4   Code   RO          243    i.ST7735_DrawCharS  st7735.o
    0x00000e48   0x0000004c   Code   RO          247    i.ST7735_DrawPixel  st7735.o
    0x00000e94   0x00000056   Code   RO          249    i.ST7735_DrawString  st7735.o
    0x00000eea   0x00000002   PAD
    0x00000eec   0x000000b0   Code   RO          250    i.ST7735_FillRect   st7735.o
    0x00000f9c   0x00000024   Code   RO          251    i.ST7735_FillScreen  st7735.o
    0x00000fc0   0x0000007c   Code   RO          253    i.ST7735_InitR      st7735.o
    0x0000103c   0x000000d8   Code   RO          255    i.ST7735_OutChar    st7735.o
    0x00001114   0x00000018   Code   RO          256    i.ST7735_OutString  st7735.o
    0x0000112c   0x0000008c   Code   RO          257    i.ST7735_OutUDec    st7735.o
    0x000011b8   0x00000020   Code   RO          266    i.ST7735_SetCursor  st7735.o
    0x000011d8   0x0000000c   Code   RO          268    i.ST7735_SetTextColor  st7735.o
    0x000011e4   0x00000018   Code   RO          172    i.SendInformation   blynk.o
    0x000011fc   0x0000003c   Code   RO          173    i.TM4C_to_Blynk     blynk.o
    0x00001238   0x00000068   Code   RO          820    i.TachInit          tachin.o
    0x000012a0   0x00000030   Code   RO          745    i.Timer0A_Handler   timer0a.o
    0x000012d0   0x00000068   Code   RO          746    i.Timer0A_Init1Hz   timer0a.o
    0x00001338   0x00000018   Code   RO          524    i.Timer2A_Handler   timer2.o
    0x00001350   0x00000060   Code   RO          525    i.Timer2_Init       timer2.o
    0x000013b0   0x00000018   Code   RO          545    i.Timer3A_Handler   timer3.o
    0x000013c8   0x00000060   Code   RO          546    i.Timer3_Init       timer3.o
    0x00001428   0x00000038   Code   RO          578    i.Tx5Fifo_Get       esp8266.o
    0x00001460   0x00000024   Code   RO          579    i.Tx5Fifo_Init      esp8266.o
    0x00001484   0x0000003c   Code   RO          580    i.Tx5Fifo_Put       esp8266.o
    0x000014c0   0x00000014   Code   RO          581    i.Tx5Fifo_Size      esp8266.o
    0x000014d4   0x0000003c   Code   RO           38    i.TxFifo_Get        uart.o
    0x00001510   0x00000024   Code   RO           39    i.TxFifo_Init       uart.o
    0x00001534   0x0000003c   Code   RO           40    i.TxFifo_Put        uart.o
    0x00001570   0x00000014   Code   RO           41    i.TxFifo_Size       uart.o
    0x00001584   0x00000058   Code   RO           42    i.UART0_Handler     uart.o
    0x000015dc   0x00000058   Code   RO          582    i.UART5_Handler     esp8266.o
    0x00001634   0x000000d8   Code   RO          583    i.UART5_Init        esp8266.o
    0x0000170c   0x000000cc   Code   RO           48    i.UART_Init         uart.o
    0x000017d8   0x00000034   Code   RO           49    i.UART_OutChar      uart.o
    0x0000180c   0x00000018   Code   RO           50    i.UART_OutString    uart.o
    0x00001824   0x00000008   Code   RO          864    i.__aeabi_errno_addr  mc_w.l(errno.o)
    0x0000182c   0x0000000e   Code   RO          909    i.__scatterload_copy  mc_w.l(handlers.o)
    0x0000183a   0x00000002   Code   RO          910    i.__scatterload_null  mc_w.l(handlers.o)
    0x0000183c   0x0000000e   Code   RO          911    i.__scatterload_zeroinit  mc_w.l(handlers.o)
    0x0000184a   0x00000056   Code   RO          270    i.commandList       st7735.o
    0x000018a0   0x00000184   Code   RO          271    i.commonInit        st7735.o
    0x00001a24   0x00000028   Code   RO           53    i.copyHardwareToSoftware  uart.o
    0x00001a4c   0x00000028   Code   RO          584    i.copyHardwareToSoftware5  esp8266.o
    0x00001a74   0x0000002c   Code   RO           54    i.copySoftwareToHardware  uart.o
    0x00001aa0   0x0000002c   Code   RO          585    i.copySoftwareToHardware5  esp8266.o
    0x00001acc   0x0000001c   Code   RO          272    i.deselect          st7735.o
    0x00001ae8   0x00000048   Code   RO          275    i.fillmessage       st7735.o
    0x00001b30   0x000000c0   Code   RO          174    i.main              blynk.o
    0x00001bf0   0x00000012   Code   RO          277    i.pushColor         st7735.o
    0x00001c02   0x00000002   PAD
    0x00001c04   0x00000074   Code   RO          278    i.setAddrWindow     st7735.o
    0x00001c78   0x00000038   Code   RO          279    i.writecommand      st7735.o
    0x00001cb0   0x00000020   Code   RO          280    i.writedata         st7735.o
    0x00001cd0   0x00000842   Data   RO          282    .constdata          st7735.o
    0x00002512   0x00000081   Data   RO          876    .constdata          mc_w.l(ctype_o.o)
    0x00002593   0x00000001   PAD
    0x00002594   0x00000004   Data   RO          877    .constdata          mc_w.l(ctype_o.o)
    0x00002598   0x00000020   Data   RO          907    Region$$Table       anon$$obj.o


    Execution Region ER_RW (Base: 0x20000000, Size: 0x0000010c, Max: 0xffffffff, ABSOLUTE)

    Base Addr    Size         Type   Attr      Idx    E Section Name        Object

    0x20000000   0x00000010   Data   RW           56    .data               uart.o
    0x20000010   0x00000024   Data   RW          176    .data               blynk.o
    0x20000034   0x0000002c   Data   RW          283    .data               st7735.o
    0x20000060   0x00000004   Data   RW          526    .data               timer2.o
    0x20000064   0x00000004   Data   RW          547    .data               timer3.o
    0x20000068   0x00000094   Data   RW          587    .data               esp8266.o
    0x200000fc   0x00000008   Data   RW          721    .data               controller.o
    0x20000104   0x00000004   Data   RW          843    .data               mc_w.l(strtok.o)
    0x20000108   0x00000004   Data   RW          867    .data               mc_w.l(errno.o)


    Execution Region ER_ZI (Base: 0x2000010c, Size: 0x0000080c, Max: 0xffffffff, ABSOLUTE)

    Base Addr    Size         Type   Attr      Idx    E Section Name        Object

    0x2000010c   0x00000080   Zero   RW           55    .bss                uart.o
    0x2000018c   0x00000040   Zero   RW          175    .bss                blynk.o
    0x200001cc   0x0000000c   Zero   RW          281    .bss                st7735.o
    0x200001d8   0x00000340   Zero   RW          586    .bss                esp8266.o
    0x20000518   0x00000400   Zero   RW            1    STACK               startup.o


==============================================================================

Image component sizes


      Code (inc. data)   RO Data    RW Data    ZI Data      Debug   Object Name

       440        132          0         36         64       3453   blynk.o
        40          4          0          8          0       1399   controller.o
        36          0          0          0          0        833   display.o
      1982        618          0        148        832      10592   esp8266.o
       124          6          0          0          0       4647   pll.o
       108         24          0          0          0       1119   portf.o
       184         26          0          0          0        489   pwm.o
      2022        234       2114         44         12      14691   st7735.o
       672        622          0          0       1024        932   startup.o
       104         14          0          0          0        719   tachin.o
       152         28          0          0          0       1252   timer0a.o
       120         28          0          4          0       1356   timer2.o
       120         30          0          4          0       1356   timer3.o
       744        120          0         16        128       6893   uart.o

    ----------------------------------------------------------------------
      6858       1886       2146        260       2060      49731   Object Totals
         0          0         32          0          0          0   (incl. Generated)
        10          0          0          0          0          0   (incl. Padding)

    ----------------------------------------------------------------------

      Code (inc. data)   RO Data    RW Data    ZI Data      Debug   Library Member Name

        28          0          0          0          0         68   _chval.o
       158          0          0          0          0         92   _strtoul.o
        26          0          0          0          0         80   atoi.o
         8          4        133          0          0         68   ctype_o.o
         0          0          0          0          0          0   entry.o
         0          0          0          0          0          0   entry10a.o
         0          0          0          0          0          0   entry11a.o
         8          4          0          0          0          0   entry2.o
         4          0          0          0          0          0   entry5.o
         0          0          0          0          0          0   entry7b.o
         0          0          0          0          0          0   entry8b.o
         8          4          0          0          0          0   entry9a.o
         8          4          0          4          0         68   errno.o
        30          0          0          0          0          0   handlers.o
        36          8          0          0          0         68   init.o
        18          0          0          0          0         68   strcpy.o
        68          6          0          4          0         80   strtok.o
       112          0          0          0          0         88   strtol.o

    ----------------------------------------------------------------------
       518         30        134          8          0        680   Library Totals
         6          0          1          0          0          0   (incl. Padding)

    ----------------------------------------------------------------------

      Code (inc. data)   RO Data    RW Data    ZI Data      Debug   Library Name

       512         30        133          8          0        680   mc_w.l

    ----------------------------------------------------------------------
       518         30        134          8          0        680   Library Totals

    ----------------------------------------------------------------------

==============================================================================


      Code (inc. data)   RO Data    RW Data    ZI Data      Debug   

      7376       1916       2280        268       2060      46563   Grand Totals
      7376       1916       2280        268       2060      46563   ELF Image Totals
      7376       1916       2280        268          0          0   ROM Totals

==============================================================================

    Total RO  Size (Code + RO Data)                 9656 (   9.43kB)
    Total RW  Size (RW Data + ZI Data)              2328 (   2.27kB)
    Total ROM Size (Code + RO Data + RW Data)       9924 (   9.69kB)

==============================================================================

