ARM Linker, 5.03 [Build 76] [MDK-ARM Lite]

==============================================================================

Section Cross References

    startup.o(RESET) refers to startup.o(STACK) for StackMem
    startup.o(RESET) refers to uart.o(i.UART0_Handler) for UART0_Handler
    startup.o(RESET) refers to timer0a.o(i.Timer0A_Handler) for Timer0A_Handler
    startup.o(RESET) refers to timer2.o(i.Timer2A_Handler) for Timer2A_Handler
    startup.o(RESET) refers to timer3.o(i.Timer3A_Handler) for Timer3A_Handler
    startup.o(RESET) refers to esp8266.o(i.UART5_Handler) for UART5_Handler
    startup.o(RESET) refers to entry.o(.ARM.Collect$$$$00000000) for __main
    uart.o(i.RxFifo_Get) refers to uart.o(.data) for RxPutI
    uart.o(i.RxFifo_Get) refers to uart.o(.bss) for RxFifo
    uart.o(i.RxFifo_Init) refers to startup.o(.text) for StartCritical
    uart.o(i.RxFifo_Init) refers to uart.o(.data) for RxGetI
    uart.o(i.RxFifo_Put) refers to uart.o(.data) for RxPutI
    uart.o(i.RxFifo_Put) refers to uart.o(.bss) for RxFifo
    uart.o(i.RxFifo_Size) refers to uart.o(.data) for RxPutI
    uart.o(i.TxFifo_Get) refers to uart.o(.data) for TxPutI
    uart.o(i.TxFifo_Get) refers to uart.o(.bss) for TxFifo
    uart.o(i.TxFifo_Init) refers to startup.o(.text) for StartCritical
    uart.o(i.TxFifo_Init) refers to uart.o(.data) for TxGetI
    uart.o(i.TxFifo_Put) refers to uart.o(.data) for TxPutI
    uart.o(i.TxFifo_Put) refers to uart.o(.bss) for TxFifo
    uart.o(i.TxFifo_Size) refers to uart.o(.data) for TxPutI
    uart.o(i.UART0_Handler) refers to uart.o(i.copySoftwareToHardware) for copySoftwareToHardware
    uart.o(i.UART0_Handler) refers to uart.o(i.TxFifo_Size) for TxFifo_Size
    uart.o(i.UART0_Handler) refers to uart.o(i.copyHardwareToSoftware) for copyHardwareToSoftware
    uart.o(i.UART_InChar) refers to uart.o(i.RxFifo_Get) for RxFifo_Get
    uart.o(i.UART_InCharNonBlock) refers to uart.o(i.RxFifo_Get) for RxFifo_Get
    uart.o(i.UART_InString) refers to uart.o(i.UART_InChar) for UART_InChar
    uart.o(i.UART_InString) refers to uart.o(i.UART_OutChar) for UART_OutChar
    uart.o(i.UART_InUDec) refers to uart.o(i.UART_InChar) for UART_InChar
    uart.o(i.UART_InUDec) refers to uart.o(i.UART_OutChar) for UART_OutChar
    uart.o(i.UART_InUHex) refers to uart.o(i.UART_InChar) for UART_InChar
    uart.o(i.UART_InUHex) refers to uart.o(i.UART_OutChar) for UART_OutChar
    uart.o(i.UART_Init) refers to uart.o(i.RxFifo_Init) for RxFifo_Init
    uart.o(i.UART_Init) refers to uart.o(i.TxFifo_Init) for TxFifo_Init
    uart.o(i.UART_Init) refers to startup.o(.text) for EnableInterrupts
    uart.o(i.UART_OutChar) refers to uart.o(i.TxFifo_Put) for TxFifo_Put
    uart.o(i.UART_OutChar) refers to uart.o(i.copySoftwareToHardware) for copySoftwareToHardware
    uart.o(i.UART_OutString) refers to uart.o(i.UART_OutChar) for UART_OutChar
    uart.o(i.UART_OutUDec) refers to uart.o(i.UART_OutChar) for UART_OutChar
    uart.o(i.UART_OutUHex) refers to uart.o(i.UART_OutChar) for UART_OutChar
    uart.o(i.copyHardwareToSoftware) refers to uart.o(i.RxFifo_Put) for RxFifo_Put
    uart.o(i.copyHardwareToSoftware) refers to uart.o(i.RxFifo_Size) for RxFifo_Size
    uart.o(i.copySoftwareToHardware) refers to uart.o(i.TxFifo_Get) for TxFifo_Get
    uart.o(i.copySoftwareToHardware) refers to uart.o(i.TxFifo_Size) for TxFifo_Size
    blynk.o(i.Blynk_to_TM4C) refers to esp8266.o(i.ESP8266_GetMessage) for ESP8266_GetMessage
    blynk.o(i.Blynk_to_TM4C) refers to strtok.o(.text) for strtok
    blynk.o(i.Blynk_to_TM4C) refers to strcpy.o(.text) for strcpy
    blynk.o(i.Blynk_to_TM4C) refers to atoi.o(.text) for atoi
    blynk.o(i.Blynk_to_TM4C) refers to blynk.o(.bss) for serial_buf
    blynk.o(i.Blynk_to_TM4C) refers to blynk.o(.data) for Pin_Number
    blynk.o(i.Blynk_to_TM4C) refers to controller.o(.data) for speed
    blynk.o(i.SendInformation) refers to blynk.o(i.TM4C_to_Blynk) for TM4C_to_Blynk
    blynk.o(i.SendInformation) refers to controller.o(.data) for rpm
    blynk.o(i.TM4C_to_Blynk) refers to esp8266.o(i.ESP8266_OutUDec) for ESP8266_OutUDec
    blynk.o(i.TM4C_to_Blynk) refers to esp8266.o(i.ESP8266_OutChar) for ESP8266_OutChar
    blynk.o(i.TM4C_to_Blynk) refers to esp8266.o(i.ESP8266_OutString) for ESP8266_OutString
    blynk.o(i.main) refers to pll.o(i.PLL_Init) for PLL_Init
    blynk.o(i.main) refers to startup.o(.text) for DisableInterrupts
    blynk.o(i.main) refers to uart.o(i.UART_Init) for UART_Init
    blynk.o(i.main) refers to esp8266.o(i.ESP8266_Init) for ESP8266_Init
    blynk.o(i.main) refers to esp8266.o(i.ESP8266_Reset) for ESP8266_Reset
    blynk.o(i.main) refers to st7735.o(i.ST7735_InitR) for ST7735_InitR
    blynk.o(i.main) refers to esp8266.o(i.ESP8266_SetupWiFi) for ESP8266_SetupWiFi
    blynk.o(i.main) refers to controller.o(i.ControllerInit) for ControllerInit
    blynk.o(i.main) refers to timer2.o(i.Timer2_Init) for Timer2_Init
    blynk.o(i.main) refers to blynk.o(i.Blynk_to_TM4C) for Blynk_to_TM4C
    blynk.o(i.main) refers to controller.o(i.MotorController) for MotorController
    st7735.o(i.Output_Clear) refers to st7735.o(i.ST7735_FillScreen) for ST7735_FillScreen
    st7735.o(i.Output_Color) refers to st7735.o(i.ST7735_SetTextColor) for ST7735_SetTextColor
    st7735.o(i.Output_Init) refers to st7735.o(i.ST7735_InitR) for ST7735_InitR
    st7735.o(i.Output_Init) refers to st7735.o(i.ST7735_FillScreen) for ST7735_FillScreen
    st7735.o(i.Output_Off) refers to st7735.o(i.Output_Clear) for Output_Clear
    st7735.o(i.Output_On) refers to st7735.o(i.Output_Init) for Output_Init
    st7735.o(i.ST7735_DrawBitmap) refers to st7735.o(i.setAddrWindow) for setAddrWindow
    st7735.o(i.ST7735_DrawBitmap) refers to st7735.o(i.writedata) for writedata
    st7735.o(i.ST7735_DrawBitmap) refers to st7735.o(i.deselect) for deselect
    st7735.o(i.ST7735_DrawBitmap) refers to st7735.o(.data) for _width
    st7735.o(i.ST7735_DrawChar) refers to st7735.o(i.setAddrWindow) for setAddrWindow
    st7735.o(i.ST7735_DrawChar) refers to st7735.o(i.pushColor) for pushColor
    st7735.o(i.ST7735_DrawChar) refers to st7735.o(i.deselect) for deselect
    st7735.o(i.ST7735_DrawChar) refers to st7735.o(.data) for _width
    st7735.o(i.ST7735_DrawChar) refers to st7735.o(.constdata) for Font
    st7735.o(i.ST7735_DrawCharS) refers to st7735.o(i.ST7735_DrawPixel) for ST7735_DrawPixel
    st7735.o(i.ST7735_DrawCharS) refers to st7735.o(i.ST7735_FillRect) for ST7735_FillRect
    st7735.o(i.ST7735_DrawCharS) refers to st7735.o(.data) for _width
    st7735.o(i.ST7735_DrawCharS) refers to st7735.o(.constdata) for Font
    st7735.o(i.ST7735_DrawCircle) refers to st7735.o(i.setAddrWindow) for setAddrWindow
    st7735.o(i.ST7735_DrawCircle) refers to st7735.o(i.writedata) for writedata
    st7735.o(i.ST7735_DrawCircle) refers to st7735.o(i.deselect) for deselect
    st7735.o(i.ST7735_DrawCircle) refers to st7735.o(.data) for _width
    st7735.o(i.ST7735_DrawCircle) refers to st7735.o(.constdata) for circle
    st7735.o(i.ST7735_DrawFastHLine) refers to st7735.o(i.setAddrWindow) for setAddrWindow
    st7735.o(i.ST7735_DrawFastHLine) refers to st7735.o(i.writedata) for writedata
    st7735.o(i.ST7735_DrawFastHLine) refers to st7735.o(i.deselect) for deselect
    st7735.o(i.ST7735_DrawFastHLine) refers to st7735.o(.data) for _width
    st7735.o(i.ST7735_DrawFastVLine) refers to st7735.o(i.setAddrWindow) for setAddrWindow
    st7735.o(i.ST7735_DrawFastVLine) refers to st7735.o(i.writedata) for writedata
    st7735.o(i.ST7735_DrawFastVLine) refers to st7735.o(i.deselect) for deselect
    st7735.o(i.ST7735_DrawFastVLine) refers to st7735.o(.data) for _width
    st7735.o(i.ST7735_DrawPixel) refers to st7735.o(i.setAddrWindow) for setAddrWindow
    st7735.o(i.ST7735_DrawPixel) refers to st7735.o(i.pushColor) for pushColor
    st7735.o(i.ST7735_DrawPixel) refers to st7735.o(i.deselect) for deselect
    st7735.o(i.ST7735_DrawPixel) refers to st7735.o(.data) for _width
    st7735.o(i.ST7735_DrawSmallCircle) refers to st7735.o(i.setAddrWindow) for setAddrWindow
    st7735.o(i.ST7735_DrawSmallCircle) refers to st7735.o(i.writedata) for writedata
    st7735.o(i.ST7735_DrawSmallCircle) refers to st7735.o(i.deselect) for deselect
    st7735.o(i.ST7735_DrawSmallCircle) refers to st7735.o(.data) for _width
    st7735.o(i.ST7735_DrawSmallCircle) refers to st7735.o(.constdata) for smallCircle
    st7735.o(i.ST7735_DrawString) refers to st7735.o(i.ST7735_DrawCharS) for ST7735_DrawCharS
    st7735.o(i.ST7735_FillRect) refers to st7735.o(i.setAddrWindow) for setAddrWindow
    st7735.o(i.ST7735_FillRect) refers to st7735.o(i.writedata) for writedata
    st7735.o(i.ST7735_FillRect) refers to st7735.o(i.deselect) for deselect
    st7735.o(i.ST7735_FillRect) refers to st7735.o(.data) for _width
    st7735.o(i.ST7735_FillScreen) refers to st7735.o(i.ST7735_FillRect) for ST7735_FillRect
    st7735.o(i.ST7735_FillScreen) refers to st7735.o(.data) for _height
    st7735.o(i.ST7735_InitB) refers to st7735.o(i.commonInit) for commonInit
    st7735.o(i.ST7735_InitB) refers to st7735.o(i.ST7735_SetCursor) for ST7735_SetCursor
    st7735.o(i.ST7735_InitB) refers to st7735.o(i.ST7735_FillScreen) for ST7735_FillScreen
    st7735.o(i.ST7735_InitB) refers to st7735.o(.constdata) for Bcmd
    st7735.o(i.ST7735_InitB) refers to st7735.o(.data) for StTextColor
    st7735.o(i.ST7735_InitR) refers to st7735.o(i.commonInit) for commonInit
    st7735.o(i.ST7735_InitR) refers to st7735.o(i.commandList) for commandList
    st7735.o(i.ST7735_InitR) refers to st7735.o(i.writecommand) for writecommand
    st7735.o(i.ST7735_InitR) refers to st7735.o(i.writedata) for writedata
    st7735.o(i.ST7735_InitR) refers to st7735.o(i.ST7735_SetCursor) for ST7735_SetCursor
    st7735.o(i.ST7735_InitR) refers to st7735.o(i.ST7735_FillScreen) for ST7735_FillScreen
    st7735.o(i.ST7735_InitR) refers to st7735.o(.constdata) for Rcmd1
    st7735.o(i.ST7735_InitR) refers to st7735.o(.data) for ColStart
    st7735.o(i.ST7735_InvertDisplay) refers to st7735.o(i.writecommand) for writecommand
    st7735.o(i.ST7735_InvertDisplay) refers to st7735.o(i.deselect) for deselect
    st7735.o(i.ST7735_OutChar) refers to st7735.o(i.ST7735_DrawString) for ST7735_DrawString
    st7735.o(i.ST7735_OutChar) refers to st7735.o(i.ST7735_DrawCharS) for ST7735_DrawCharS
    st7735.o(i.ST7735_OutChar) refers to st7735.o(.data) for StY
    st7735.o(i.ST7735_OutString) refers to st7735.o(i.ST7735_OutChar) for ST7735_OutChar
    st7735.o(i.ST7735_OutUDec) refers to st7735.o(i.fillmessage) for fillmessage
    st7735.o(i.ST7735_OutUDec) refers to st7735.o(i.ST7735_DrawString) for ST7735_DrawString
    st7735.o(i.ST7735_OutUDec) refers to st7735.o(i.ST7735_DrawCharS) for ST7735_DrawCharS
    st7735.o(i.ST7735_OutUDec) refers to st7735.o(.data) for Messageindex
    st7735.o(i.ST7735_OutUDec) refers to st7735.o(.bss) for Message
    st7735.o(i.ST7735_PlotBar) refers to st7735.o(i.ST7735_DrawFastVLine) for ST7735_DrawFastVLine
    st7735.o(i.ST7735_PlotBar) refers to st7735.o(.data) for Ymin
    st7735.o(i.ST7735_PlotClear) refers to st7735.o(i.ST7735_Color565) for ST7735_Color565
    st7735.o(i.ST7735_PlotClear) refers to st7735.o(i.ST7735_FillRect) for ST7735_FillRect
    st7735.o(i.ST7735_PlotClear) refers to st7735.o(.data) for Ymax
    st7735.o(i.ST7735_PlotLine) refers to st7735.o(i.ST7735_DrawPixel) for ST7735_DrawPixel
    st7735.o(i.ST7735_PlotLine) refers to st7735.o(.data) for Ymin
    st7735.o(i.ST7735_PlotNext) refers to st7735.o(.data) for X
    st7735.o(i.ST7735_PlotNextErase) refers to st7735.o(i.ST7735_Color565) for ST7735_Color565
    st7735.o(i.ST7735_PlotNextErase) refers to st7735.o(i.ST7735_DrawFastVLine) for ST7735_DrawFastVLine
    st7735.o(i.ST7735_PlotNextErase) refers to st7735.o(.data) for X
    st7735.o(i.ST7735_PlotPoint) refers to st7735.o(i.ST7735_DrawPixel) for ST7735_DrawPixel
    st7735.o(i.ST7735_PlotPoint) refers to st7735.o(.data) for Ymin
    st7735.o(i.ST7735_PlotPoints) refers to st7735.o(i.ST7735_DrawPixel) for ST7735_DrawPixel
    st7735.o(i.ST7735_PlotPoints) refers to st7735.o(.data) for Ymin
    st7735.o(i.ST7735_PlotdBfs) refers to st7735.o(i.ST7735_DrawFastVLine) for ST7735_DrawFastVLine
    st7735.o(i.ST7735_PlotdBfs) refers to st7735.o(.constdata) for dBfs
    st7735.o(i.ST7735_PlotdBfs) refers to st7735.o(.data) for X
    st7735.o(i.ST7735_SetCursor) refers to st7735.o(.data) for StX
    st7735.o(i.ST7735_SetRotation) refers to st7735.o(i.writecommand) for writecommand
    st7735.o(i.ST7735_SetRotation) refers to st7735.o(i.writedata) for writedata
    st7735.o(i.ST7735_SetRotation) refers to st7735.o(i.deselect) for deselect
    st7735.o(i.ST7735_SetRotation) refers to st7735.o(.data) for Rotation
    st7735.o(i.ST7735_SetTextColor) refers to st7735.o(.data) for StTextColor
    st7735.o(i.commandList) refers to st7735.o(i.writecommand) for writecommand
    st7735.o(i.commandList) refers to st7735.o(i.writedata) for writedata
    st7735.o(i.commandList) refers to st7735.o(i.Delay1ms) for Delay1ms
    st7735.o(i.commonInit) refers to st7735.o(i.Delay1ms) for Delay1ms
    st7735.o(i.commonInit) refers to st7735.o(i.commandList) for commandList
    st7735.o(i.commonInit) refers to st7735.o(.data) for RowStart
    st7735.o(i.fillmessage) refers to st7735.o(.bss) for Message
    st7735.o(i.fillmessage) refers to st7735.o(.data) for Messageindex
    st7735.o(i.fputc) refers to st7735.o(i.ST7735_OutChar) for ST7735_OutChar
    st7735.o(i.pushColor) refers to st7735.o(i.writedata) for writedata
    st7735.o(i.setAddrWindow) refers to st7735.o(i.writecommand) for writecommand
    st7735.o(i.setAddrWindow) refers to st7735.o(i.writedata) for writedata
    st7735.o(i.setAddrWindow) refers to st7735.o(.data) for ColStart
    timer2.o(i.Timer2A_Handler) refers to timer2.o(.data) for PeriodicTask2
    timer2.o(i.Timer2_Init) refers to timer2.o(.data) for PeriodicTask2
    timer3.o(i.Timer3A_Handler) refers to timer3.o(.data) for PeriodicTask3
    timer3.o(i.Timer3_Init) refers to timer3.o(.data) for PeriodicTask3
    esp8266.o(i.ESP8266_AvailableInput) refers to esp8266.o(i.Rx5Fifo_Size) for Rx5Fifo_Size
    esp8266.o(i.ESP8266_GetMessage) refers to esp8266.o(.data) for Rx5PutI
    esp8266.o(i.ESP8266_GetMessage) refers to esp8266.o(.bss) for Rx5Fifo
    esp8266.o(i.ESP8266_Init) refers to esp8266.o(i.UART5_Init) for UART5_Init
    esp8266.o(i.ESP8266_Init) refers to startup.o(.text) for EnableInterrupts
    esp8266.o(i.ESP8266_OutChar) refers to esp8266.o(i.Tx5Fifo_Put) for Tx5Fifo_Put
    esp8266.o(i.ESP8266_OutChar) refers to esp8266.o(i.copySoftwareToHardware5) for copySoftwareToHardware5
    esp8266.o(i.ESP8266_OutString) refers to esp8266.o(i.ESP8266_OutChar) for ESP8266_OutChar
    esp8266.o(i.ESP8266_OutUDec) refers to esp8266.o(i.ESP8266_OutChar) for ESP8266_OutChar
    esp8266.o(i.ESP8266_Reset) refers to uart.o(i.UART_OutString) for UART_OutString
    esp8266.o(i.ESP8266_Reset) refers to esp8266.o(i.DelayMs) for DelayMs
    esp8266.o(i.ESP8266_SetupWiFi) refers to uart.o(i.UART_OutString) for UART_OutString
    esp8266.o(i.ESP8266_SetupWiFi) refers to st7735.o(i.Output_Color) for Output_Color
    esp8266.o(i.ESP8266_SetupWiFi) refers to st7735.o(i.ST7735_OutString) for ST7735_OutString
    esp8266.o(i.ESP8266_SetupWiFi) refers to esp8266.o(i.DelayMs) for DelayMs
    esp8266.o(i.ESP8266_SetupWiFi) refers to esp8266.o(i.ESP8266_OutString) for ESP8266_OutString
    esp8266.o(i.ESP8266_SetupWiFi) refers to esp8266.o(i.ESP8266_OutChar) for ESP8266_OutChar
    esp8266.o(i.ESP8266_SetupWiFi) refers to uart.o(i.UART_OutChar) for UART_OutChar
    esp8266.o(i.ESP8266_SetupWiFi) refers to st7735.o(i.ST7735_OutChar) for ST7735_OutChar
    esp8266.o(i.ESP8266_SetupWiFi) refers to esp8266.o(i.ESP8266_GetMessage) for ESP8266_GetMessage
    esp8266.o(i.ESP8266_SetupWiFi) refers to esp8266.o(i.Rx5Fifo_Init) for Rx5Fifo_Init
    esp8266.o(i.ESP8266_SetupWiFi) refers to esp8266.o(.data) for auth
    esp8266.o(i.ESP8266_SetupWiFi) refers to esp8266.o(.bss) for RxMessage
    esp8266.o(i.Rx5Fifo_Init) refers to startup.o(.text) for StartCritical
    esp8266.o(i.Rx5Fifo_Init) refers to esp8266.o(.data) for Rx5PutJ
    esp8266.o(i.Rx5Fifo_Put) refers to esp8266.o(.data) for Rx5PutI
    esp8266.o(i.Rx5Fifo_Put) refers to esp8266.o(.bss) for Rx5Fifo
    esp8266.o(i.Rx5Fifo_Size) refers to esp8266.o(.data) for Rx5PutI
    esp8266.o(i.Tx5Fifo_Get) refers to esp8266.o(.data) for Tx5PutI
    esp8266.o(i.Tx5Fifo_Get) refers to esp8266.o(.bss) for Tx5Fifo
    esp8266.o(i.Tx5Fifo_Init) refers to startup.o(.text) for StartCritical
    esp8266.o(i.Tx5Fifo_Init) refers to esp8266.o(.data) for Tx5GetI
    esp8266.o(i.Tx5Fifo_Put) refers to esp8266.o(.data) for Tx5PutI
    esp8266.o(i.Tx5Fifo_Put) refers to esp8266.o(.bss) for Tx5Fifo
    esp8266.o(i.Tx5Fifo_Size) refers to esp8266.o(.data) for Tx5PutI
    esp8266.o(i.UART5_Handler) refers to esp8266.o(i.copySoftwareToHardware5) for copySoftwareToHardware5
    esp8266.o(i.UART5_Handler) refers to esp8266.o(i.Tx5Fifo_Size) for Tx5Fifo_Size
    esp8266.o(i.UART5_Handler) refers to esp8266.o(i.copyHardwareToSoftware5) for copyHardwareToSoftware5
    esp8266.o(i.UART5_Init) refers to esp8266.o(i.Rx5Fifo_Init) for Rx5Fifo_Init
    esp8266.o(i.UART5_Init) refers to esp8266.o(i.Tx5Fifo_Init) for Tx5Fifo_Init
    esp8266.o(i.copyHardwareToSoftware5) refers to esp8266.o(i.Rx5Fifo_Put) for Rx5Fifo_Put
    esp8266.o(i.copyHardwareToSoftware5) refers to esp8266.o(i.Rx5Fifo_Size) for Rx5Fifo_Size
    esp8266.o(i.copySoftwareToHardware5) refers to esp8266.o(i.Tx5Fifo_Get) for Tx5Fifo_Get
    esp8266.o(i.copySoftwareToHardware5) refers to esp8266.o(i.Tx5Fifo_Size) for Tx5Fifo_Size
    controller.o(i.ControllerInit) refers to display.o(i.DisplayInit) for DisplayInit
    controller.o(i.ControllerInit) refers to timer0a.o(i.Timer0A_Init) for Timer0A_Init
    controller.o(i.ControllerInit) refers to pwm.o(i.PWM0A_Init) for PWM0A_Init
    controller.o(i.DisplayController) refers to dfixui.o(.text) for __aeabi_d2uiz
    controller.o(i.DisplayController) refers to display.o(i.DisplaySpeed) for DisplaySpeed
    controller.o(i.DisplayController) refers to controller.o(.data) for I
    controller.o(i.MotorController) refers to dmul.o(.text) for __aeabi_dmul
    controller.o(i.MotorController) refers to ddiv.o(.text) for __aeabi_ddiv
    controller.o(i.MotorController) refers to dadd.o(.text) for __aeabi_dadd
    controller.o(i.MotorController) refers to dfixui.o(.text) for __aeabi_d2uiz
    controller.o(i.MotorController) refers to pwm.o(i.PWM0A_Duty) for PWM0A_Duty
    controller.o(i.MotorController) refers to controller.o(.data) for E
    controller.o(i.RpmToSpeed) refers to dfltui.o(.text) for __aeabi_ui2d
    controller.o(i.RpmToSpeed) refers to dmul.o(.text) for __aeabi_dmul
    controller.o(i.RpmToSpeed) refers to dfixui.o(.text) for __aeabi_d2uiz
    controller.o(i.RpmToSpeed) refers to controller.o(.data) for rpm
    timer0a.o(i.Timer0A_Handler) refers to dfltui.o(.text) for __aeabi_ui2d
    timer0a.o(i.Timer0A_Handler) refers to ddiv.o(.text) for __aeabi_ddiv
    timer0a.o(i.Timer0A_Handler) refers to dfixui.o(.text) for __aeabi_d2uiz
    timer0a.o(i.Timer0A_Handler) refers to timer0a.o(.data) for count
    timer0a.o(i.Timer0A_Handler) refers to controller.o(.data) for rpm
    timer0a.o(i.Timer0A_Init) refers to startup.o(.text) for DisableInterrupts
    timer0a.o(i.Timer0A_Init) refers to timer0a.o(.data) for start
    display.o(i.DisplayInit) refers to st7735.o(i.ST7735_InitR) for ST7735_InitR
    display.o(i.DisplayInit) refers to st7735.o(i.ST7735_FillScreen) for ST7735_FillScreen
    display.o(i.DisplayInit) refers to st7735.o(i.ST7735_SetCursor) for ST7735_SetCursor
    display.o(i.DisplayInit) refers to st7735.o(i.ST7735_OutString) for ST7735_OutString
    display.o(i.DisplayInit) refers to display.o(.data) for j
    display.o(i.DisplaySpeed) refers to st7735.o(i.ST7735_SetCursor) for ST7735_SetCursor
    display.o(i.DisplaySpeed) refers to st7735.o(i.ST7735_OutUDec) for ST7735_OutUDec
    display.o(i.DisplaySpeed) refers to st7735.o(i.ST7735_PlotPoint) for ST7735_PlotPoint
    display.o(i.DisplaySpeed) refers to st7735.o(i.ST7735_PlotNextErase) for ST7735_PlotNextErase
    display.o(i.DisplaySpeed) refers to controller.o(.data) for rpm
    display.o(i.DisplaySpeed) refers to display.o(.data) for j
    entry.o(.ARM.Collect$$$$00000000) refers (Special) to entry10a.o(.ARM.Collect$$$$0000000D) for __rt_final_cpp
    entry.o(.ARM.Collect$$$$00000000) refers (Special) to entry11a.o(.ARM.Collect$$$$0000000F) for __rt_final_exit
    entry.o(.ARM.Collect$$$$00000000) refers (Special) to entry7b.o(.ARM.Collect$$$$00000008) for _main_clock
    entry.o(.ARM.Collect$$$$00000000) refers (Special) to entry8b.o(.ARM.Collect$$$$0000000A) for _main_cpp_init
    entry.o(.ARM.Collect$$$$00000000) refers (Special) to entry9a.o(.ARM.Collect$$$$0000000B) for _main_init
    entry.o(.ARM.Collect$$$$00000000) refers (Special) to entry5.o(.ARM.Collect$$$$00000004) for _main_scatterload
    entry.o(.ARM.Collect$$$$00000000) refers (Special) to entry2.o(.ARM.Collect$$$$00000001) for _main_stk
    strtok.o(.text) refers to strtok.o(.data) for .data
    strtok_r.o(.text) refers to strtok_r.o(.data) for .data
    atoi.o(.text) refers to errno.o(i.__aeabi_errno_addr) for __aeabi_errno_addr
    atoi.o(.text) refers to strtol.o(.text) for strtol
    dadd.o(.text) refers (Special) to iusefp.o(.text) for __I$use$fp
    dadd.o(.text) refers to llshl.o(.text) for __aeabi_llsl
    dadd.o(.text) refers to llsshr.o(.text) for __aeabi_lasr
    dadd.o(.text) refers to depilogue.o(.text) for _double_epilogue
    dmul.o(.text) refers (Special) to iusefp.o(.text) for __I$use$fp
    dmul.o(.text) refers to depilogue.o(.text) for _double_epilogue
    ddiv.o(.text) refers (Special) to iusefp.o(.text) for __I$use$fp
    ddiv.o(.text) refers to depilogue.o(.text) for _double_round
    dfltui.o(.text) refers (Special) to iusefp.o(.text) for __I$use$fp
    dfltui.o(.text) refers to depilogue.o(.text) for _double_epilogue
    dfixui.o(.text) refers (Special) to iusefp.o(.text) for __I$use$fp
    dfixui.o(.text) refers to llushr.o(.text) for __aeabi_llsr
    entry2.o(.ARM.Collect$$$$00000001) refers to entry2.o(.ARM.Collect$$$$00002712) for __lit__00000000
    entry2.o(.ARM.Collect$$$$00002712) refers to startup.o(STACK) for __initial_sp
    entry2.o(__vectab_stack_and_reset_area) refers to startup.o(STACK) for __initial_sp
    entry2.o(__vectab_stack_and_reset_area) refers to entry.o(.ARM.Collect$$$$00000000) for __main
    entry5.o(.ARM.Collect$$$$00000004) refers to init.o(.text) for __scatterload
    entry9a.o(.ARM.Collect$$$$0000000B) refers to blynk.o(i.main) for main
    entry9b.o(.ARM.Collect$$$$0000000C) refers to blynk.o(i.main) for main
    errno.o(i.__aeabi_errno_addr) refers to errno.o(.data) for .data
    errno.o(i.__read_errno) refers to errno.o(.data) for .data
    errno.o(i.__set_errno) refers to errno.o(.data) for .data
    strtol.o(.text) refers to ctype_o.o(.text) for __rt_ctype_table
    strtol.o(.text) refers to _strtoul.o(.text) for _strtoul
    strtol.o(.text) refers to errno.o(i.__aeabi_errno_addr) for __aeabi_errno_addr
    depilogue.o(.text) refers to llshl.o(.text) for __aeabi_llsl
    depilogue.o(.text) refers to llushr.o(.text) for __aeabi_llsr
    init.o(.text) refers to entry5.o(.ARM.Collect$$$$00000004) for __main_after_scatterload
    ctype_o.o(.text) refers to ctype_o.o(.constdata) for .constdata
    ctype_o.o(.constdata) refers to ctype_o.o(.constdata) for __ctype_table
    isalnum_o.o(.text) refers to ctype_o.o(.text) for __rt_ctype_table
    isalpha_o.o(.text) refers to ctype_o.o(.text) for __rt_ctype_table
    isblank_o.o(.text) refers to ctype_o.o(.constdata) for __ctype_table
    iscntrl_o.o(.text) refers to ctype_o.o(.text) for __rt_ctype_table
    isdigit_o.o(.text) refers to ctype_o.o(.text) for __rt_ctype_table
    isgraph_o.o(.text) refers to ctype_o.o(.text) for __rt_ctype_table
    islower_o.o(.text) refers to ctype_o.o(.text) for __rt_ctype_table
    isprint_o.o(.text) refers to ctype_o.o(.text) for __rt_ctype_table
    ispunct_o.o(.text) refers to ctype_o.o(.text) for __rt_ctype_table
    isspace_o.o(.text) refers to ctype_o.o(.text) for __rt_ctype_table
    isupper_o.o(.text) refers to ctype_o.o(.text) for __rt_ctype_table
    isxdigit_o.o(.text) refers to ctype_o.o(.text) for __rt_ctype_table
    _strtoul.o(.text) refers to _chval.o(.text) for _chval
    _strtoul.o(.text) refers to errno.o(i.__aeabi_errno_addr) for __aeabi_errno_addr


==============================================================================

Removing Unused input sections from the image.

    Removing startup.o(HEAP), (0 bytes).
    Removing uart.o(i.RxFifo_Get), (60 bytes).
    Removing uart.o(i.UART_InChar), (20 bytes).
    Removing uart.o(i.UART_InCharNonBlock), (20 bytes).
    Removing uart.o(i.UART_InString), (70 bytes).
    Removing uart.o(i.UART_InUDec), (76 bytes).
    Removing uart.o(i.UART_InUHex), (108 bytes).
    Removing uart.o(i.UART_OutUDec), (42 bytes).
    Removing uart.o(i.UART_OutUHex), (52 bytes).
    Removing blynk.o(i.SendInformation), (20 bytes).
    Removing blynk.o(i.TM4C_to_Blynk), (60 bytes).
    Removing st7735.o(i.Output_Clear), (10 bytes).
    Removing st7735.o(i.Output_Init), (16 bytes).
    Removing st7735.o(i.Output_Off), (8 bytes).
    Removing st7735.o(i.Output_On), (8 bytes).
    Removing st7735.o(i.ST7735_Color565), (24 bytes).
    Removing st7735.o(i.ST7735_DrawBitmap), (292 bytes).
    Removing st7735.o(i.ST7735_DrawChar), (272 bytes).
    Removing st7735.o(i.ST7735_DrawCircle), (172 bytes).
    Removing st7735.o(i.ST7735_DrawFastHLine), (128 bytes).
    Removing st7735.o(i.ST7735_DrawFastVLine), (128 bytes).
    Removing st7735.o(i.ST7735_DrawSmallCircle), (172 bytes).
    Removing st7735.o(i.ST7735_InitB), (40 bytes).
    Removing st7735.o(i.ST7735_InvertDisplay), (26 bytes).
    Removing st7735.o(i.ST7735_OutUDec), (140 bytes).
    Removing st7735.o(i.ST7735_PlotBar), (88 bytes).
    Removing st7735.o(i.ST7735_PlotClear), (92 bytes).
    Removing st7735.o(i.ST7735_PlotLine), (264 bytes).
    Removing st7735.o(i.ST7735_PlotNext), (32 bytes).
    Removing st7735.o(i.ST7735_PlotNextErase), (64 bytes).
    Removing st7735.o(i.ST7735_PlotPoint), (152 bytes).
    Removing st7735.o(i.ST7735_PlotPoints), (172 bytes).
    Removing st7735.o(i.ST7735_PlotdBfs), (60 bytes).
    Removing st7735.o(i.ST7735_SetRotation), (216 bytes).
    Removing st7735.o(i.ST7735_SwapColor), (18 bytes).
    Removing st7735.o(i.ferror), (8 bytes).
    Removing st7735.o(i.fgetc), (6 bytes).
    Removing st7735.o(i.fillmessage), (72 bytes).
    Removing st7735.o(i.fputc), (16 bytes).
    Removing st7735.o(.bss), (12 bytes).
    Removing timer3.o(i.Timer3_Init), (96 bytes).
    Removing esp8266.o(i.ESP8266_AvailableInput), (8 bytes).
    Removing esp8266.o(i.ESP8266_OutUDec), (42 bytes).
    Removing portf.o(i.PortF_Init), (92 bytes).
    Removing portf.o(i.PortF_Input), (16 bytes).
    Removing portf.o(i.PortF_Output), (12 bytes).
    Removing controller.o(i.DisplayController), (48 bytes).
    Removing controller.o(i.RpmToSpeed), (52 bytes).
    Removing pwm.o(i.PWM0B_Duty), (12 bytes).
    Removing pwm.o(i.PWM0B_Init), (188 bytes).
    Removing display.o(i.DisplaySpeed), (100 bytes).
    Removing tachin.o(i.TachInit), (104 bytes).

52 unused section(s) (total 4006 bytes) removed from the image.

==============================================================================

Image Symbol Table

    Local Symbols

    Symbol Name                              Value     Ov Type        Size  Object(Section)

    RESET                                    0x00000000   Section      644  startup.o(RESET)
    ../clib/../cmprslib/zerorunl2.c          0x00000000   Number         0  __dczerorl2.o ABSOLUTE
    ../clib/microlib/ctype/ctype.c           0x00000000   Number         0  isupper_o.o ABSOLUTE
    ../clib/microlib/ctype/ctype.c           0x00000000   Number         0  iscntrl_o.o ABSOLUTE
    ../clib/microlib/ctype/ctype.c           0x00000000   Number         0  islower_o.o ABSOLUTE
    ../clib/microlib/ctype/ctype.c           0x00000000   Number         0  ctype_o.o ABSOLUTE
    ../clib/microlib/ctype/ctype.c           0x00000000   Number         0  isalnum_o.o ABSOLUTE
    ../clib/microlib/ctype/ctype.c           0x00000000   Number         0  ispunct_o.o ABSOLUTE
    ../clib/microlib/ctype/ctype.c           0x00000000   Number         0  isdigit_o.o ABSOLUTE
    ../clib/microlib/ctype/ctype.c           0x00000000   Number         0  isspace_o.o ABSOLUTE
    ../clib/microlib/ctype/ctype.c           0x00000000   Number         0  isprint_o.o ABSOLUTE
    ../clib/microlib/ctype/ctype.c           0x00000000   Number         0  isgraph_o.o ABSOLUTE
    ../clib/microlib/ctype/ctype.c           0x00000000   Number         0  isalpha_o.o ABSOLUTE
    ../clib/microlib/ctype/ctype.c           0x00000000   Number         0  isxdigit_o.o ABSOLUTE
    ../clib/microlib/ctype/ctype.c           0x00000000   Number         0  isblank_o.o ABSOLUTE
    ../clib/microlib/errno.c                 0x00000000   Number         0  errno.o ABSOLUTE
    ../clib/microlib/init/entry.s            0x00000000   Number         0  entry10a.o ABSOLUTE
    ../clib/microlib/init/entry.s            0x00000000   Number         0  entry9b.o ABSOLUTE
    ../clib/microlib/init/entry.s            0x00000000   Number         0  entry10b.o ABSOLUTE
    ../clib/microlib/init/entry.s            0x00000000   Number         0  entry8b.o ABSOLUTE
    ../clib/microlib/init/entry.s            0x00000000   Number         0  entry8a.o ABSOLUTE
    ../clib/microlib/init/entry.s            0x00000000   Number         0  entry9a.o ABSOLUTE
    ../clib/microlib/init/entry.s            0x00000000   Number         0  entry7a.o ABSOLUTE
    ../clib/microlib/init/entry.s            0x00000000   Number         0  entry5.o ABSOLUTE
    ../clib/microlib/init/entry.s            0x00000000   Number         0  entry2.o ABSOLUTE
    ../clib/microlib/init/entry.s            0x00000000   Number         0  entry7b.o ABSOLUTE
    ../clib/microlib/init/entry.s            0x00000000   Number         0  entry.o ABSOLUTE
    ../clib/microlib/init/entry.s            0x00000000   Number         0  entry11b.o ABSOLUTE
    ../clib/microlib/init/entry.s            0x00000000   Number         0  entry11a.o ABSOLUTE
    ../clib/microlib/longlong.c              0x00000000   Number         0  llsshr.o ABSOLUTE
    ../clib/microlib/longlong.c              0x00000000   Number         0  llushr.o ABSOLUTE
    ../clib/microlib/longlong.c              0x00000000   Number         0  llshl.o ABSOLUTE
    ../clib/microlib/string/strcpy.c         0x00000000   Number         0  strcpy.o ABSOLUTE
    ../clib/microlib/string/strtok.c         0x00000000   Number         0  strtok.o ABSOLUTE
    ../clib/microlib/string/strtok.c         0x00000000   Number         0  strtok_r.o ABSOLUTE
    ../clib/microlib/stubs.s                 0x00000000   Number         0  iusefp.o ABSOLUTE
    ../clib/microlib/time/clock.c            0x00000000   Number         0  clock.o ABSOLUTE
    ../clib/scanf.c                          0x00000000   Number         0  atoi.o ABSOLUTE
    ../clib/scanf.c                          0x00000000   Number         0  _chval.o ABSOLUTE
    ../clib/scanf.c                          0x00000000   Number         0  _strtoul.o ABSOLUTE
    ../clib/scanf.c                          0x00000000   Number         0  strtol.o ABSOLUTE
    ../fplib/microlib/fpadd.c                0x00000000   Number         0  dadd.o ABSOLUTE
    ../fplib/microlib/fpdiv.c                0x00000000   Number         0  ddiv.o ABSOLUTE
    ../fplib/microlib/fpepilogue.c           0x00000000   Number         0  depilogue.o ABSOLUTE
    ../fplib/microlib/fpfix.c                0x00000000   Number         0  dfixui.o ABSOLUTE
    ../fplib/microlib/fpflt.c                0x00000000   Number         0  dfltui.o ABSOLUTE
    ../fplib/microlib/fpmul.c                0x00000000   Number         0  dmul.o ABSOLUTE
    Blynk.c                                  0x00000000   Number         0  blynk.o ABSOLUTE
    Display.c                                0x00000000   Number         0  display.o ABSOLUTE
    PLL.c                                    0x00000000   Number         0  pll.o ABSOLUTE
    PWM.c                                    0x00000000   Number         0  pwm.o ABSOLUTE
    PortF.c                                  0x00000000   Number         0  portf.o ABSOLUTE
    ST7735.c                                 0x00000000   Number         0  st7735.o ABSOLUTE
    TachIn.c                                 0x00000000   Number         0  tachin.o ABSOLUTE
    Timer0A.c                                0x00000000   Number         0  timer0a.o ABSOLUTE
    Timer2.c                                 0x00000000   Number         0  timer2.o ABSOLUTE
    Timer3.c                                 0x00000000   Number         0  timer3.o ABSOLUTE
    UART.c                                   0x00000000   Number         0  uart.o ABSOLUTE
    controller.c                             0x00000000   Number         0  controller.o ABSOLUTE
    dc.s                                     0x00000000   Number         0  dc.o ABSOLUTE
    esp8266.c                                0x00000000   Number         0  esp8266.o ABSOLUTE
    handlers.s                               0x00000000   Number         0  handlers.o ABSOLUTE
    init.s                                   0x00000000   Number         0  init.o ABSOLUTE
    startup.s                                0x00000000   Number         0  startup.o ABSOLUTE
    .ARM.Collect$$$$00000000                 0x00000284   Section        0  entry.o(.ARM.Collect$$$$00000000)
    .ARM.Collect$$$$00000001                 0x00000284   Section        4  entry2.o(.ARM.Collect$$$$00000001)
    .ARM.Collect$$$$00000004                 0x00000288   Section        4  entry5.o(.ARM.Collect$$$$00000004)
    .ARM.Collect$$$$00000008                 0x0000028c   Section        0  entry7b.o(.ARM.Collect$$$$00000008)
    .ARM.Collect$$$$0000000A                 0x0000028c   Section        0  entry8b.o(.ARM.Collect$$$$0000000A)
    .ARM.Collect$$$$0000000B                 0x0000028c   Section        8  entry9a.o(.ARM.Collect$$$$0000000B)
    .ARM.Collect$$$$0000000D                 0x00000294   Section        0  entry10a.o(.ARM.Collect$$$$0000000D)
    .ARM.Collect$$$$0000000F                 0x00000294   Section        0  entry11a.o(.ARM.Collect$$$$0000000F)
    .ARM.Collect$$$$00002712                 0x00000294   Section        4  entry2.o(.ARM.Collect$$$$00002712)
    __lit__00000000                          0x00000294   Data           4  entry2.o(.ARM.Collect$$$$00002712)
    .text                                    0x00000298   Section       28  startup.o(.text)
    .text                                    0x000002b4   Section        0  strcpy.o(.text)
    .text                                    0x000002c8   Section        0  strtok.o(.text)
    .text                                    0x0000030c   Section        0  atoi.o(.text)
    .text                                    0x00000326   Section        0  dadd.o(.text)
    .text                                    0x00000474   Section        0  dmul.o(.text)
    .text                                    0x00000558   Section        0  ddiv.o(.text)
    .text                                    0x00000636   Section        0  dfltui.o(.text)
    .text                                    0x00000650   Section        0  dfixui.o(.text)
    .text                                    0x00000682   Section        0  llshl.o(.text)
    .text                                    0x000006a0   Section        0  llushr.o(.text)
    .text                                    0x000006c0   Section        0  llsshr.o(.text)
    .text                                    0x000006e4   Section        0  strtol.o(.text)
    .text                                    0x00000754   Section        0  depilogue.o(.text)
    .text                                    0x00000754   Section        0  iusefp.o(.text)
    .text                                    0x00000814   Section       36  init.o(.text)
    .text                                    0x00000838   Section        0  ctype_o.o(.text)
    .text                                    0x00000840   Section        0  _strtoul.o(.text)
    .text                                    0x000008de   Section        0  _chval.o(.text)
    .text                                    0x000008fa   Section        0  __dczerorl2.o(.text)
    i.Blynk_to_TM4C                          0x00000958   Section        0  blynk.o(i.Blynk_to_TM4C)
    i.ControllerInit                         0x000009e0   Section        0  controller.o(i.ControllerInit)
    i.Delay1ms                               0x000009f6   Section        0  st7735.o(i.Delay1ms)
    i.DelayMs                                0x00000a16   Section        0  esp8266.o(i.DelayMs)
    i.DisplayInit                            0x00000a38   Section        0  display.o(i.DisplayInit)
    i.ESP8266_GetMessage                     0x00000a94   Section        0  esp8266.o(i.ESP8266_GetMessage)
    i.ESP8266_Init                           0x00000ae4   Section        0  esp8266.o(i.ESP8266_Init)
    i.ESP8266_OutChar                        0x00000b6c   Section        0  esp8266.o(i.ESP8266_OutChar)
    i.ESP8266_OutString                      0x00000ba0   Section        0  esp8266.o(i.ESP8266_OutString)
    i.ESP8266_Reset                          0x00000bb8   Section        0  esp8266.o(i.ESP8266_Reset)
    i.ESP8266_SetupWiFi                      0x00000cb0   Section        0  esp8266.o(i.ESP8266_SetupWiFi)
    i.MotorController                        0x00000ec8   Section        0  controller.o(i.MotorController)
    i.Output_Color                           0x00000f54   Section        0  st7735.o(i.Output_Color)
    i.PLL_Init                               0x00000f60   Section        0  pll.o(i.PLL_Init)
    i.PWM0A_Duty                             0x00000fdc   Section        0  pwm.o(i.PWM0A_Duty)
    i.PWM0A_Init                             0x00000fe8   Section        0  pwm.o(i.PWM0A_Init)
    i.Rx5Fifo_Init                           0x000010a0   Section        0  esp8266.o(i.Rx5Fifo_Init)
    i.Rx5Fifo_Put                            0x000010cc   Section        0  esp8266.o(i.Rx5Fifo_Put)
    i.Rx5Fifo_Size                           0x0000119c   Section        0  esp8266.o(i.Rx5Fifo_Size)
    i.RxFifo_Init                            0x000011b0   Section        0  uart.o(i.RxFifo_Init)
    i.RxFifo_Put                             0x000011d4   Section        0  uart.o(i.RxFifo_Put)
    i.RxFifo_Size                            0x00001210   Section        0  uart.o(i.RxFifo_Size)
    i.ST7735_DrawCharS                       0x00001224   Section        0  st7735.o(i.ST7735_DrawCharS)
    i.ST7735_DrawPixel                       0x00001318   Section        0  st7735.o(i.ST7735_DrawPixel)
    i.ST7735_DrawString                      0x00001364   Section        0  st7735.o(i.ST7735_DrawString)
    i.ST7735_FillRect                        0x000013bc   Section        0  st7735.o(i.ST7735_FillRect)
    i.ST7735_FillScreen                      0x0000146c   Section        0  st7735.o(i.ST7735_FillScreen)
    i.ST7735_InitR                           0x00001490   Section        0  st7735.o(i.ST7735_InitR)
    i.ST7735_OutChar                         0x0000150c   Section        0  st7735.o(i.ST7735_OutChar)
    i.ST7735_OutString                       0x000015e4   Section        0  st7735.o(i.ST7735_OutString)
    i.ST7735_SetCursor                       0x000015fc   Section        0  st7735.o(i.ST7735_SetCursor)
    i.ST7735_SetTextColor                    0x0000161c   Section        0  st7735.o(i.ST7735_SetTextColor)
    i.Timer0A_Handler                        0x00001628   Section        0  timer0a.o(i.Timer0A_Handler)
    i.Timer0A_Init                           0x000016a4   Section        0  timer0a.o(i.Timer0A_Init)
    i.Timer2A_Handler                        0x0000178c   Section        0  timer2.o(i.Timer2A_Handler)
    i.Timer2_Init                            0x000017a4   Section        0  timer2.o(i.Timer2_Init)
    i.Timer3A_Handler                        0x00001804   Section        0  timer3.o(i.Timer3A_Handler)
    i.Tx5Fifo_Get                            0x0000181c   Section        0  esp8266.o(i.Tx5Fifo_Get)
    i.Tx5Fifo_Init                           0x00001854   Section        0  esp8266.o(i.Tx5Fifo_Init)
    i.Tx5Fifo_Put                            0x00001878   Section        0  esp8266.o(i.Tx5Fifo_Put)
    i.Tx5Fifo_Size                           0x000018b4   Section        0  esp8266.o(i.Tx5Fifo_Size)
    i.TxFifo_Get                             0x000018c8   Section        0  uart.o(i.TxFifo_Get)
    i.TxFifo_Init                            0x00001904   Section        0  uart.o(i.TxFifo_Init)
    i.TxFifo_Put                             0x00001928   Section        0  uart.o(i.TxFifo_Put)
    i.TxFifo_Size                            0x00001964   Section        0  uart.o(i.TxFifo_Size)
    i.UART0_Handler                          0x00001978   Section        0  uart.o(i.UART0_Handler)
    i.UART5_Handler                          0x000019d0   Section        0  esp8266.o(i.UART5_Handler)
    i.UART5_Init                             0x00001a28   Section        0  esp8266.o(i.UART5_Init)
    i.UART_Init                              0x00001b00   Section        0  uart.o(i.UART_Init)
    i.UART_OutChar                           0x00001bcc   Section        0  uart.o(i.UART_OutChar)
    i.UART_OutString                         0x00001c00   Section        0  uart.o(i.UART_OutString)
    i.__aeabi_errno_addr                     0x00001c18   Section        0  errno.o(i.__aeabi_errno_addr)
    i.__scatterload_copy                     0x00001c20   Section       14  handlers.o(i.__scatterload_copy)
    i.__scatterload_null                     0x00001c2e   Section        2  handlers.o(i.__scatterload_null)
    i.__scatterload_zeroinit                 0x00001c30   Section       14  handlers.o(i.__scatterload_zeroinit)
    i.commandList                            0x00001c3e   Section        0  st7735.o(i.commandList)
    commandList                              0x00001c3f   Thumb Code    86  st7735.o(i.commandList)
    i.commonInit                             0x00001c94   Section        0  st7735.o(i.commonInit)
    commonInit                               0x00001c95   Thumb Code   340  st7735.o(i.commonInit)
    i.copyHardwareToSoftware                 0x00001e18   Section        0  uart.o(i.copyHardwareToSoftware)
    copyHardwareToSoftware                   0x00001e19   Thumb Code    36  uart.o(i.copyHardwareToSoftware)
    i.copyHardwareToSoftware5                0x00001e40   Section        0  esp8266.o(i.copyHardwareToSoftware5)
    copyHardwareToSoftware5                  0x00001e41   Thumb Code    36  esp8266.o(i.copyHardwareToSoftware5)
    i.copySoftwareToHardware                 0x00001e68   Section        0  uart.o(i.copySoftwareToHardware)
    copySoftwareToHardware                   0x00001e69   Thumb Code    38  uart.o(i.copySoftwareToHardware)
    i.copySoftwareToHardware5                0x00001e94   Section        0  esp8266.o(i.copySoftwareToHardware5)
    copySoftwareToHardware5                  0x00001e95   Thumb Code    38  esp8266.o(i.copySoftwareToHardware5)
    i.deselect                               0x00001ec0   Section        0  st7735.o(i.deselect)
    deselect                                 0x00001ec1   Thumb Code    24  st7735.o(i.deselect)
    i.main                                   0x00001edc   Section        0  blynk.o(i.main)
    i.pushColor                              0x00001f24   Section        0  st7735.o(i.pushColor)
    pushColor                                0x00001f25   Thumb Code    18  st7735.o(i.pushColor)
    i.setAddrWindow                          0x00001f38   Section        0  st7735.o(i.setAddrWindow)
    setAddrWindow                            0x00001f39   Thumb Code   106  st7735.o(i.setAddrWindow)
    i.writecommand                           0x00001fac   Section        0  st7735.o(i.writecommand)
    writecommand                             0x00001fad   Thumb Code    46  st7735.o(i.writecommand)
    i.writedata                              0x00001fe4   Section        0  st7735.o(i.writedata)
    writedata                                0x00001fe5   Thumb Code    24  st7735.o(i.writedata)
    .constdata                               0x00002004   Section     2114  st7735.o(.constdata)
    Font                                     0x00002004   Data        1275  st7735.o(.constdata)
    Bcmd                                     0x000024ff   Data         103  st7735.o(.constdata)
    Rcmd1                                    0x00002566   Data          59  st7735.o(.constdata)
    Rcmd2green                               0x000025a1   Data          13  st7735.o(.constdata)
    Rcmd2red                                 0x000025ae   Data          13  st7735.o(.constdata)
    Rcmd3                                    0x000025bb   Data          43  st7735.o(.constdata)
    .constdata                               0x00002846   Section      129  ctype_o.o(.constdata)
    .constdata                               0x000028c8   Section        4  ctype_o.o(.constdata)
    table                                    0x000028c8   Data           4  ctype_o.o(.constdata)
    .data                                    0x20000000   Section       16  uart.o(.data)
    .data                                    0x20000010   Section       36  blynk.o(.data)
    .data                                    0x20000034   Section       44  st7735.o(.data)
    _width                                   0x2000003e   Data           2  st7735.o(.data)
    _height                                  0x20000040   Data           2  st7735.o(.data)
    ColStart                                 0x20000048   Data           1  st7735.o(.data)
    RowStart                                 0x20000049   Data           1  st7735.o(.data)
    Rotation                                 0x2000004a   Data           1  st7735.o(.data)
    TabColor                                 0x2000004b   Data           1  st7735.o(.data)
    .data                                    0x20000060   Section        4  timer2.o(.data)
    .data                                    0x20000064   Section        4  timer3.o(.data)
    .data                                    0x20000068   Section      148  esp8266.o(.data)
    .data                                    0x20000100   Section       72  controller.o(.data)
    .data                                    0x20000148   Section        8  timer0a.o(.data)
    .data                                    0x20000150   Section        4  display.o(.data)
    .data                                    0x20000154   Section        4  strtok.o(.data)
    state                                    0x20000154   Data           4  strtok.o(.data)
    .data                                    0x20000158   Section        4  errno.o(.data)
    _errno                                   0x20000158   Data           4  errno.o(.data)
    .bss                                     0x2000015c   Section      128  uart.o(.bss)
    RxFifo                                   0x2000015c   Data          64  uart.o(.bss)
    TxFifo                                   0x2000019c   Data          64  uart.o(.bss)
    .bss                                     0x200001dc   Section       64  blynk.o(.bss)
    .bss                                     0x2000021c   Section      832  esp8266.o(.bss)
    Tx5Fifo                                  0x2000045c   Data         256  esp8266.o(.bss)
    STACK                                    0x20000560   Section     1024  startup.o(STACK)
    StackMem                                 0x20000560   Data           0  startup.o(STACK)

    Global Symbols

    Symbol Name                              Value     Ov Type        Size  Object(Section)

    BuildAttributes$$THM_ISAv4$E$P$D$K$B$S$7EM$PE$A:L22UL41UL21$X:L11$S22US41US21$IEEE1$IW$USESV6$~STKCKD$USESV7$~SHL$OSPACE$ROPI$EBA8$MICROLIB$REQ8$PRES8$EABIv2 0x00000000   Number         0  anon$$obj.o ABSOLUTE
    __ARM_use_no_argv                        0x00000000   Number         0  blynk.o ABSOLUTE
    __Vectors                                0x00000000   Data           0  startup.o(RESET)
    __cpp_initialize__aeabi_                  - Undefined Weak Reference
    __cxa_finalize                            - Undefined Weak Reference
    _clock_init                               - Undefined Weak Reference
    _microlib_exit                            - Undefined Weak Reference
    Reset_Handler                            0x0000026d   Thumb Code     0  startup.o(RESET)
    NMI_Handler                              0x00000271   Thumb Code     2  startup.o(RESET)
    HardFault_Handler                        0x00000273   Thumb Code     2  startup.o(RESET)
    MemManage_Handler                        0x00000275   Thumb Code     2  startup.o(RESET)
    BusFault_Handler                         0x00000277   Thumb Code     2  startup.o(RESET)
    UsageFault_Handler                       0x00000279   Thumb Code     2  startup.o(RESET)
    SVC_Handler                              0x0000027b   Thumb Code     2  startup.o(RESET)
    DebugMon_Handler                         0x0000027d   Thumb Code     2  startup.o(RESET)
    PendSV_Handler                           0x0000027f   Thumb Code     2  startup.o(RESET)
    SysTick_Handler                          0x00000281   Thumb Code     2  startup.o(RESET)
    ADC0Seq0_Handler                         0x00000283   Thumb Code     0  startup.o(RESET)
    ADC0Seq1_Handler                         0x00000283   Thumb Code     0  startup.o(RESET)
    ADC0Seq2_Handler                         0x00000283   Thumb Code     0  startup.o(RESET)
    ADC0Seq3_Handler                         0x00000283   Thumb Code     0  startup.o(RESET)
    ADC1Seq0_Handler                         0x00000283   Thumb Code     0  startup.o(RESET)
    ADC1Seq1_Handler                         0x00000283   Thumb Code     0  startup.o(RESET)
    ADC1Seq2_Handler                         0x00000283   Thumb Code     0  startup.o(RESET)
    ADC1Seq3_Handler                         0x00000283   Thumb Code     0  startup.o(RESET)
    CAN0_Handler                             0x00000283   Thumb Code     0  startup.o(RESET)
    CAN1_Handler                             0x00000283   Thumb Code     0  startup.o(RESET)
    CAN2_Handler                             0x00000283   Thumb Code     0  startup.o(RESET)
    Comp0_Handler                            0x00000283   Thumb Code     0  startup.o(RESET)
    Comp1_Handler                            0x00000283   Thumb Code     0  startup.o(RESET)
    Comp2_Handler                            0x00000283   Thumb Code     0  startup.o(RESET)
    Ethernet_Handler                         0x00000283   Thumb Code     0  startup.o(RESET)
    ExtBus_Handler                           0x00000283   Thumb Code     0  startup.o(RESET)
    FPU_Handler                              0x00000283   Thumb Code     0  startup.o(RESET)
    Fan0_Handler                             0x00000283   Thumb Code     0  startup.o(RESET)
    FlashCtl_Handler                         0x00000283   Thumb Code     0  startup.o(RESET)
    GPIOPortA_Handler                        0x00000283   Thumb Code     0  startup.o(RESET)
    GPIOPortB_Handler                        0x00000283   Thumb Code     0  startup.o(RESET)
    GPIOPortC_Handler                        0x00000283   Thumb Code     0  startup.o(RESET)
    GPIOPortD_Handler                        0x00000283   Thumb Code     0  startup.o(RESET)
    GPIOPortE_Handler                        0x00000283   Thumb Code     0  startup.o(RESET)
    GPIOPortF_Handler                        0x00000283   Thumb Code     0  startup.o(RESET)
    GPIOPortG_Handler                        0x00000283   Thumb Code     0  startup.o(RESET)
    GPIOPortH_Handler                        0x00000283   Thumb Code     0  startup.o(RESET)
    GPIOPortJ_Handler                        0x00000283   Thumb Code     0  startup.o(RESET)
    GPIOPortK_Handler                        0x00000283   Thumb Code     0  startup.o(RESET)
    GPIOPortL_Handler                        0x00000283   Thumb Code     0  startup.o(RESET)
    GPIOPortM_Handler                        0x00000283   Thumb Code     0  startup.o(RESET)
    GPIOPortN_Handler                        0x00000283   Thumb Code     0  startup.o(RESET)
    GPIOPortP1_Handler                       0x00000283   Thumb Code     0  startup.o(RESET)
    GPIOPortP2_Handler                       0x00000283   Thumb Code     0  startup.o(RESET)
    GPIOPortP3_Handler                       0x00000283   Thumb Code     0  startup.o(RESET)
    GPIOPortP4_Handler                       0x00000283   Thumb Code     0  startup.o(RESET)
    GPIOPortP5_Handler                       0x00000283   Thumb Code     0  startup.o(RESET)
    GPIOPortP6_Handler                       0x00000283   Thumb Code     0  startup.o(RESET)
    GPIOPortP7_Handler                       0x00000283   Thumb Code     0  startup.o(RESET)
    GPIOPortP_Handler                        0x00000283   Thumb Code     0  startup.o(RESET)
    GPIOPortQ1_Handler                       0x00000283   Thumb Code     0  startup.o(RESET)
    GPIOPortQ2_Handler                       0x00000283   Thumb Code     0  startup.o(RESET)
    GPIOPortQ3_Handler                       0x00000283   Thumb Code     0  startup.o(RESET)
    GPIOPortQ4_Handler                       0x00000283   Thumb Code     0  startup.o(RESET)
    GPIOPortQ5_Handler                       0x00000283   Thumb Code     0  startup.o(RESET)
    GPIOPortQ6_Handler                       0x00000283   Thumb Code     0  startup.o(RESET)
    GPIOPortQ7_Handler                       0x00000283   Thumb Code     0  startup.o(RESET)
    GPIOPortQ_Handler                        0x00000283   Thumb Code     0  startup.o(RESET)
    GPIOPortR_Handler                        0x00000283   Thumb Code     0  startup.o(RESET)
    GPIOPortS_Handler                        0x00000283   Thumb Code     0  startup.o(RESET)
    Hibernate_Handler                        0x00000283   Thumb Code     0  startup.o(RESET)
    I2C0_Handler                             0x00000283   Thumb Code     0  startup.o(RESET)
    I2C1_Handler                             0x00000283   Thumb Code     0  startup.o(RESET)
    I2C2_Handler                             0x00000283   Thumb Code     0  startup.o(RESET)
    I2C3_Handler                             0x00000283   Thumb Code     0  startup.o(RESET)
    I2C4_Handler                             0x00000283   Thumb Code     0  startup.o(RESET)
    I2C5_Handler                             0x00000283   Thumb Code     0  startup.o(RESET)
    I2S0_Handler                             0x00000283   Thumb Code     0  startup.o(RESET)
    LPC0_Handler                             0x00000283   Thumb Code     0  startup.o(RESET)
    PECI0_Handler                            0x00000283   Thumb Code     0  startup.o(RESET)
    PWM0Fault_Handler                        0x00000283   Thumb Code     0  startup.o(RESET)
    PWM0Generator0_Handler                   0x00000283   Thumb Code     0  startup.o(RESET)
    PWM0Generator1_Handler                   0x00000283   Thumb Code     0  startup.o(RESET)
    PWM0Generator2_Handler                   0x00000283   Thumb Code     0  startup.o(RESET)
    PWM0Generator3_Handler                   0x00000283   Thumb Code     0  startup.o(RESET)
    PWM1Fault_Handler                        0x00000283   Thumb Code     0  startup.o(RESET)
    PWM1Generator0_Handler                   0x00000283   Thumb Code     0  startup.o(RESET)
    PWM1Generator1_Handler                   0x00000283   Thumb Code     0  startup.o(RESET)
    PWM1Generator2_Handler                   0x00000283   Thumb Code     0  startup.o(RESET)
    PWM1Generator3_Handler                   0x00000283   Thumb Code     0  startup.o(RESET)
    Quadrature0_Handler                      0x00000283   Thumb Code     0  startup.o(RESET)
    Quadrature1_Handler                      0x00000283   Thumb Code     0  startup.o(RESET)
    Quadrature2_Handler                      0x00000283   Thumb Code     0  startup.o(RESET)
    SSI0_Handler                             0x00000283   Thumb Code     0  startup.o(RESET)
    SSI1_Handler                             0x00000283   Thumb Code     0  startup.o(RESET)
    SSI2_Handler                             0x00000283   Thumb Code     0  startup.o(RESET)
    SSI3_Handler                             0x00000283   Thumb Code     0  startup.o(RESET)
    SysCtl_Handler                           0x00000283   Thumb Code     0  startup.o(RESET)
    Timer0B_Handler                          0x00000283   Thumb Code     0  startup.o(RESET)
    Timer1A_Handler                          0x00000283   Thumb Code     0  startup.o(RESET)
    Timer1B_Handler                          0x00000283   Thumb Code     0  startup.o(RESET)
    Timer2B_Handler                          0x00000283   Thumb Code     0  startup.o(RESET)
    Timer3B_Handler                          0x00000283   Thumb Code     0  startup.o(RESET)
    Timer4A_Handler                          0x00000283   Thumb Code     0  startup.o(RESET)
    Timer4B_Handler                          0x00000283   Thumb Code     0  startup.o(RESET)
    Timer5A_Handler                          0x00000283   Thumb Code     0  startup.o(RESET)
    Timer5B_Handler                          0x00000283   Thumb Code     0  startup.o(RESET)
    UART1_Handler                            0x00000283   Thumb Code     0  startup.o(RESET)
    UART2_Handler                            0x00000283   Thumb Code     0  startup.o(RESET)
    UART3_Handler                            0x00000283   Thumb Code     0  startup.o(RESET)
    UART4_Handler                            0x00000283   Thumb Code     0  startup.o(RESET)
    UART6_Handler                            0x00000283   Thumb Code     0  startup.o(RESET)
    UART7_Handler                            0x00000283   Thumb Code     0  startup.o(RESET)
    USB0_Handler                             0x00000283   Thumb Code     0  startup.o(RESET)
    WDT_Handler                              0x00000283   Thumb Code     0  startup.o(RESET)
    WideTimer0A_Handler                      0x00000283   Thumb Code     0  startup.o(RESET)
    WideTimer0B_Handler                      0x00000283   Thumb Code     0  startup.o(RESET)
    WideTimer1A_Handler                      0x00000283   Thumb Code     0  startup.o(RESET)
    WideTimer1B_Handler                      0x00000283   Thumb Code     0  startup.o(RESET)
    WideTimer2A_Handler                      0x00000283   Thumb Code     0  startup.o(RESET)
    WideTimer2B_Handler                      0x00000283   Thumb Code     0  startup.o(RESET)
    WideTimer3A_Handler                      0x00000283   Thumb Code     0  startup.o(RESET)
    WideTimer3B_Handler                      0x00000283   Thumb Code     0  startup.o(RESET)
    WideTimer4A_Handler                      0x00000283   Thumb Code     0  startup.o(RESET)
    WideTimer4B_Handler                      0x00000283   Thumb Code     0  startup.o(RESET)
    WideTimer5A_Handler                      0x00000283   Thumb Code     0  startup.o(RESET)
    WideTimer5B_Handler                      0x00000283   Thumb Code     0  startup.o(RESET)
    uDMA_Error                               0x00000283   Thumb Code     0  startup.o(RESET)
    uDMA_Handler                             0x00000283   Thumb Code     0  startup.o(RESET)
    __main                                   0x00000285   Thumb Code     0  entry.o(.ARM.Collect$$$$00000000)
    _main_stk                                0x00000285   Thumb Code     0  entry2.o(.ARM.Collect$$$$00000001)
    _main_scatterload                        0x00000289   Thumb Code     0  entry5.o(.ARM.Collect$$$$00000004)
    __main_after_scatterload                 0x0000028d   Thumb Code     0  entry5.o(.ARM.Collect$$$$00000004)
    _main_clock                              0x0000028d   Thumb Code     0  entry7b.o(.ARM.Collect$$$$00000008)
    _main_cpp_init                           0x0000028d   Thumb Code     0  entry8b.o(.ARM.Collect$$$$0000000A)
    _main_init                               0x0000028d   Thumb Code     0  entry9a.o(.ARM.Collect$$$$0000000B)
    __rt_final_cpp                           0x00000295   Thumb Code     0  entry10a.o(.ARM.Collect$$$$0000000D)
    __rt_final_exit                          0x00000295   Thumb Code     0  entry11a.o(.ARM.Collect$$$$0000000F)
    DisableInterrupts                        0x00000299   Thumb Code     0  startup.o(.text)
    EnableInterrupts                         0x0000029d   Thumb Code     0  startup.o(.text)
    StartCritical                            0x000002a1   Thumb Code     0  startup.o(.text)
    EndCritical                              0x000002a9   Thumb Code     0  startup.o(.text)
    WaitForInterrupt                         0x000002af   Thumb Code     0  startup.o(.text)
    strcpy                                   0x000002b5   Thumb Code    18  strcpy.o(.text)
    strtok                                   0x000002c9   Thumb Code    62  strtok.o(.text)
    atoi                                     0x0000030d   Thumb Code    26  atoi.o(.text)
    __aeabi_dadd                             0x00000327   Thumb Code   322  dadd.o(.text)
    __aeabi_dsub                             0x00000469   Thumb Code     6  dadd.o(.text)
    __aeabi_drsub                            0x0000046f   Thumb Code     6  dadd.o(.text)
    __aeabi_dmul                             0x00000475   Thumb Code   228  dmul.o(.text)
    __aeabi_ddiv                             0x00000559   Thumb Code   222  ddiv.o(.text)
    __aeabi_ui2d                             0x00000637   Thumb Code    26  dfltui.o(.text)
    __aeabi_d2uiz                            0x00000651   Thumb Code    50  dfixui.o(.text)
    __aeabi_llsl                             0x00000683   Thumb Code    30  llshl.o(.text)
    _ll_shift_l                              0x00000683   Thumb Code     0  llshl.o(.text)
    __aeabi_llsr                             0x000006a1   Thumb Code    32  llushr.o(.text)
    _ll_ushift_r                             0x000006a1   Thumb Code     0  llushr.o(.text)
    __aeabi_lasr                             0x000006c1   Thumb Code    36  llsshr.o(.text)
    _ll_sshift_r                             0x000006c1   Thumb Code     0  llsshr.o(.text)
    strtol                                   0x000006e5   Thumb Code   112  strtol.o(.text)
    __I$use$fp                               0x00000755   Thumb Code     0  iusefp.o(.text)
    _double_round                            0x00000755   Thumb Code    26  depilogue.o(.text)
    _double_epilogue                         0x0000076f   Thumb Code   164  depilogue.o(.text)
    __scatterload                            0x00000815   Thumb Code    28  init.o(.text)
    __scatterload_rt2                        0x00000815   Thumb Code     0  init.o(.text)
    __rt_ctype_table                         0x00000839   Thumb Code     4  ctype_o.o(.text)
    _strtoul                                 0x00000841   Thumb Code   158  _strtoul.o(.text)
    _chval                                   0x000008df   Thumb Code    28  _chval.o(.text)
    __decompress                             0x000008fb   Thumb Code     0  __dczerorl2.o(.text)
    __decompress1                            0x000008fb   Thumb Code    92  __dczerorl2.o(.text)
    Blynk_to_TM4C                            0x00000959   Thumb Code   102  blynk.o(i.Blynk_to_TM4C)
    ControllerInit                           0x000009e1   Thumb Code    22  controller.o(i.ControllerInit)
    Delay1ms                                 0x000009f7   Thumb Code    32  st7735.o(i.Delay1ms)
    DelayMs                                  0x00000a17   Thumb Code    32  esp8266.o(i.DelayMs)
    DisplayInit                              0x00000a39   Thumb Code    64  display.o(i.DisplayInit)
    ESP8266_GetMessage                       0x00000a95   Thumb Code    66  esp8266.o(i.ESP8266_GetMessage)
    ESP8266_Init                             0x00000ae5   Thumb Code   118  esp8266.o(i.ESP8266_Init)
    ESP8266_OutChar                          0x00000b6d   Thumb Code    46  esp8266.o(i.ESP8266_OutChar)
    ESP8266_OutString                        0x00000ba1   Thumb Code    24  esp8266.o(i.ESP8266_OutString)
    ESP8266_Reset                            0x00000bb9   Thumb Code    68  esp8266.o(i.ESP8266_Reset)
    ESP8266_SetupWiFi                        0x00000cb1   Thumb Code   260  esp8266.o(i.ESP8266_SetupWiFi)
    MotorController                          0x00000ec9   Thumb Code   108  controller.o(i.MotorController)
    Output_Color                             0x00000f55   Thumb Code    12  st7735.o(i.Output_Color)
    PLL_Init                                 0x00000f61   Thumb Code   118  pll.o(i.PLL_Init)
    PWM0A_Duty                               0x00000fdd   Thumb Code     8  pwm.o(i.PWM0A_Duty)
    PWM0A_Init                               0x00000fe9   Thumb Code   158  pwm.o(i.PWM0A_Init)
    Rx5Fifo_Init                             0x000010a1   Thumb Code    30  esp8266.o(i.Rx5Fifo_Init)
    Rx5Fifo_Put                              0x000010cd   Thumb Code   192  esp8266.o(i.Rx5Fifo_Put)
    Rx5Fifo_Size                             0x0000119d   Thumb Code    12  esp8266.o(i.Rx5Fifo_Size)
    RxFifo_Init                              0x000011b1   Thumb Code    26  uart.o(i.RxFifo_Init)
    RxFifo_Put                               0x000011d5   Thumb Code    48  uart.o(i.RxFifo_Put)
    RxFifo_Size                              0x00001211   Thumb Code    12  uart.o(i.RxFifo_Size)
    ST7735_DrawCharS                         0x00001225   Thumb Code   232  st7735.o(i.ST7735_DrawCharS)
    ST7735_DrawPixel                         0x00001319   Thumb Code    68  st7735.o(i.ST7735_DrawPixel)
    ST7735_DrawString                        0x00001365   Thumb Code    86  st7735.o(i.ST7735_DrawString)
    ST7735_FillRect                          0x000013bd   Thumb Code   168  st7735.o(i.ST7735_FillRect)
    ST7735_FillScreen                        0x0000146d   Thumb Code    28  st7735.o(i.ST7735_FillScreen)
    ST7735_InitR                             0x00001491   Thumb Code    90  st7735.o(i.ST7735_InitR)
    ST7735_OutChar                           0x0000150d   Thumb Code   178  st7735.o(i.ST7735_OutChar)
    ST7735_OutString                         0x000015e5   Thumb Code    24  st7735.o(i.ST7735_OutString)
    ST7735_SetCursor                         0x000015fd   Thumb Code    22  st7735.o(i.ST7735_SetCursor)
    ST7735_SetTextColor                      0x0000161d   Thumb Code     6  st7735.o(i.ST7735_SetTextColor)
    Timer0A_Handler                          0x00001629   Thumb Code    98  timer0a.o(i.Timer0A_Handler)
    Timer0A_Init                             0x000016a5   Thumb Code   198  timer0a.o(i.Timer0A_Init)
    Timer2A_Handler                          0x0000178d   Thumb Code    16  timer2.o(i.Timer2A_Handler)
    Timer2_Init                              0x000017a5   Thumb Code    76  timer2.o(i.Timer2_Init)
    Timer3A_Handler                          0x00001805   Thumb Code    16  timer3.o(i.Timer3A_Handler)
    Tx5Fifo_Get                              0x0000181d   Thumb Code    44  esp8266.o(i.Tx5Fifo_Get)
    Tx5Fifo_Init                             0x00001855   Thumb Code    26  esp8266.o(i.Tx5Fifo_Init)
    Tx5Fifo_Put                              0x00001879   Thumb Code    46  esp8266.o(i.Tx5Fifo_Put)
    Tx5Fifo_Size                             0x000018b5   Thumb Code    12  esp8266.o(i.Tx5Fifo_Size)
    TxFifo_Get                               0x000018c9   Thumb Code    46  uart.o(i.TxFifo_Get)
    TxFifo_Init                              0x00001905   Thumb Code    26  uart.o(i.TxFifo_Init)
    TxFifo_Put                               0x00001929   Thumb Code    48  uart.o(i.TxFifo_Put)
    TxFifo_Size                              0x00001965   Thumb Code    12  uart.o(i.TxFifo_Size)
    UART0_Handler                            0x00001979   Thumb Code    82  uart.o(i.UART0_Handler)
    UART5_Handler                            0x000019d1   Thumb Code    82  esp8266.o(i.UART5_Handler)
    UART5_Init                               0x00001a29   Thumb Code   190  esp8266.o(i.UART5_Init)
    UART_Init                                0x00001b01   Thumb Code   180  uart.o(i.UART_Init)
    UART_OutChar                             0x00001bcd   Thumb Code    46  uart.o(i.UART_OutChar)
    UART_OutString                           0x00001c01   Thumb Code    24  uart.o(i.UART_OutString)
    __aeabi_errno_addr                       0x00001c19   Thumb Code     4  errno.o(i.__aeabi_errno_addr)
    __rt_errno_addr                          0x00001c19   Thumb Code     0  errno.o(i.__aeabi_errno_addr)
    __scatterload_copy                       0x00001c21   Thumb Code    14  handlers.o(i.__scatterload_copy)
    __scatterload_null                       0x00001c2f   Thumb Code     2  handlers.o(i.__scatterload_null)
    __scatterload_zeroinit                   0x00001c31   Thumb Code    14  handlers.o(i.__scatterload_zeroinit)
    main                                     0x00001edd   Thumb Code    62  blynk.o(i.main)
    smallCircle                              0x000025e6   Data          36  st7735.o(.constdata)
    circle                                   0x0000260a   Data          60  st7735.o(.constdata)
    dBfs                                     0x00002646   Data         512  st7735.o(.constdata)
    __ctype_table                            0x00002846   Data         129  ctype_o.o(.constdata)
    Region$$Table$$Base                      0x000028cc   Number         0  anon$$obj.o(Region$$Table)
    Region$$Table$$Limit                     0x000028ec   Number         0  anon$$obj.o(Region$$Table)
    RxPutI                                   0x20000000   Data           4  uart.o(.data)
    RxGetI                                   0x20000004   Data           4  uart.o(.data)
    TxPutI                                   0x20000008   Data           4  uart.o(.data)
    TxGetI                                   0x2000000c   Data           4  uart.o(.data)
    Pin_Number                               0x20000010   Data           2  blynk.o(.data)
    Pin_Integer                              0x20000012   Data           8  blynk.o(.data)
    Pin_Float                                0x2000001a   Data           8  blynk.o(.data)
    LED                                      0x20000024   Data           4  blynk.o(.data)
    LastF                                    0x20000028   Data           4  blynk.o(.data)
    pin_num                                  0x2000002c   Data           4  blynk.o(.data)
    pin_int                                  0x20000030   Data           4  blynk.o(.data)
    StX                                      0x20000034   Data           4  st7735.o(.data)
    StY                                      0x20000038   Data           4  st7735.o(.data)
    StTextColor                              0x2000003c   Data           2  st7735.o(.data)
    lastj                                    0x20000044   Data           4  st7735.o(.data)
    Messageindex                             0x2000004c   Data           4  st7735.o(.data)
    Ymax                                     0x20000050   Data           4  st7735.o(.data)
    Ymin                                     0x20000054   Data           4  st7735.o(.data)
    X                                        0x20000058   Data           4  st7735.o(.data)
    Yrange                                   0x2000005c   Data           4  st7735.o(.data)
    PeriodicTask2                            0x20000060   Data           4  timer2.o(.data)
    PeriodicTask3                            0x20000064   Data           4  timer3.o(.data)
    ssid                                     0x20000068   Data          32  esp8266.o(.data)
    pass                                     0x20000088   Data          32  esp8266.o(.data)
    auth                                     0x200000a8   Data          64  esp8266.o(.data)
    Rx5PutI                                  0x200000e8   Data           4  esp8266.o(.data)
    Rx5PutJ                                  0x200000ec   Data           4  esp8266.o(.data)
    Rx5GetI                                  0x200000f0   Data           4  esp8266.o(.data)
    Tx5PutI                                  0x200000f4   Data           4  esp8266.o(.data)
    Tx5GetI                                  0x200000f8   Data           4  esp8266.o(.data)
    I                                        0x20000100   Data           8  controller.o(.data)
    kp1                                      0x20000108   Data           8  controller.o(.data)
    kp2                                      0x20000110   Data           8  controller.o(.data)
    ki1                                      0x20000118   Data           8  controller.o(.data)
    ki2                                      0x20000120   Data           8  controller.o(.data)
    E                                        0x20000128   Data           8  controller.o(.data)
    rpm                                      0x20000130   Data           4  controller.o(.data)
    speed                                    0x20000134   Data           4  controller.o(.data)
    P                                        0x20000138   Data           8  controller.o(.data)
    U                                        0x20000140   Data           8  controller.o(.data)
    start                                    0x20000148   Data           4  timer0a.o(.data)
    count                                    0x2000014c   Data           4  timer0a.o(.data)
    j                                        0x20000150   Data           4  display.o(.data)
    serial_buf                               0x200001dc   Data          64  blynk.o(.bss)
    Rx5Fifo                                  0x2000021c   Data         512  esp8266.o(.bss)
    RxMessage                                0x2000041c   Data          64  esp8266.o(.bss)
    __initial_sp                             0x20000960   Data           0  startup.o(STACK)



==============================================================================

Memory Map of the image

  Image Entry point : 0x0000026d

  Load Region LR_1 (Base: 0x00000000, Size: 0x00002a48, Max: 0xffffffff, ABSOLUTE, COMPRESSED[0x0000295c])

    Execution Region ER_RO (Base: 0x00000000, Size: 0x000028ec, Max: 0xffffffff, ABSOLUTE)

    Base Addr    Size         Type   Attr      Idx    E Section Name        Object

    0x00000000   0x00000284   Code   RO            3  * RESET               startup.o
    0x00000284   0x00000000   Code   RO          853  * .ARM.Collect$$$$00000000  mc_w.l(entry.o)
    0x00000284   0x00000004   Code   RO          878    .ARM.Collect$$$$00000001  mc_w.l(entry2.o)
    0x00000288   0x00000004   Code   RO          881    .ARM.Collect$$$$00000004  mc_w.l(entry5.o)
    0x0000028c   0x00000000   Code   RO          883    .ARM.Collect$$$$00000008  mc_w.l(entry7b.o)
    0x0000028c   0x00000000   Code   RO          885    .ARM.Collect$$$$0000000A  mc_w.l(entry8b.o)
    0x0000028c   0x00000008   Code   RO          886    .ARM.Collect$$$$0000000B  mc_w.l(entry9a.o)
    0x00000294   0x00000000   Code   RO          888    .ARM.Collect$$$$0000000D  mc_w.l(entry10a.o)
    0x00000294   0x00000000   Code   RO          890    .ARM.Collect$$$$0000000F  mc_w.l(entry11a.o)
    0x00000294   0x00000004   Code   RO          879    .ARM.Collect$$$$00002712  mc_w.l(entry2.o)
    0x00000298   0x0000001c   Code   RO            4    .text               startup.o
    0x000002b4   0x00000012   Code   RO          858    .text               mc_w.l(strcpy.o)
    0x000002c6   0x00000002   PAD
    0x000002c8   0x00000044   Code   RO          860    .text               mc_w.l(strtok.o)
    0x0000030c   0x0000001a   Code   RO          866    .text               mc_w.l(atoi.o)
    0x00000326   0x0000014e   Code   RO          868    .text               mf_w.l(dadd.o)
    0x00000474   0x000000e4   Code   RO          870    .text               mf_w.l(dmul.o)
    0x00000558   0x000000de   Code   RO          872    .text               mf_w.l(ddiv.o)
    0x00000636   0x0000001a   Code   RO          874    .text               mf_w.l(dfltui.o)
    0x00000650   0x00000032   Code   RO          876    .text               mf_w.l(dfixui.o)
    0x00000682   0x0000001e   Code   RO          892    .text               mc_w.l(llshl.o)
    0x000006a0   0x00000020   Code   RO          894    .text               mc_w.l(llushr.o)
    0x000006c0   0x00000024   Code   RO          896    .text               mc_w.l(llsshr.o)
    0x000006e4   0x00000070   Code   RO          905    .text               mc_w.l(strtol.o)
    0x00000754   0x00000000   Code   RO          907    .text               mc_w.l(iusefp.o)
    0x00000754   0x000000be   Code   RO          908    .text               mf_w.l(depilogue.o)
    0x00000812   0x00000002   PAD
    0x00000814   0x00000024   Code   RO          910    .text               mc_w.l(init.o)
    0x00000838   0x00000008   Code   RO          912    .text               mc_w.l(ctype_o.o)
    0x00000840   0x0000009e   Code   RO          940    .text               mc_w.l(_strtoul.o)
    0x000008de   0x0000001c   Code   RO          942    .text               mc_w.l(_chval.o)
    0x000008fa   0x0000005c   Code   RO          952    .text               mc_w.l(__dczerorl2.o)
    0x00000956   0x00000002   PAD
    0x00000958   0x00000088   Code   RO          171    i.Blynk_to_TM4C     blynk.o
    0x000009e0   0x00000016   Code   RO          723    i.ControllerInit    controller.o
    0x000009f6   0x00000020   Code   RO          239    i.Delay1ms          st7735.o
    0x00000a16   0x00000020   Code   RO          571    i.DelayMs           esp8266.o
    0x00000a36   0x00000002   PAD
    0x00000a38   0x0000005c   Code   RO          820    i.DisplayInit       display.o
    0x00000a94   0x00000050   Code   RO          573    i.ESP8266_GetMessage  esp8266.o
    0x00000ae4   0x00000088   Code   RO          574    i.ESP8266_Init      esp8266.o
    0x00000b6c   0x00000034   Code   RO          575    i.ESP8266_OutChar   esp8266.o
    0x00000ba0   0x00000018   Code   RO          576    i.ESP8266_OutString  esp8266.o
    0x00000bb8   0x000000f8   Code   RO          578    i.ESP8266_Reset     esp8266.o
    0x00000cb0   0x00000218   Code   RO          579    i.ESP8266_SetupWiFi  esp8266.o
    0x00000ec8   0x0000008c   Code   RO          725    i.MotorController   controller.o
    0x00000f54   0x0000000c   Code   RO          241    i.Output_Color      st7735.o
    0x00000f60   0x0000007c   Code   RO           12    i.PLL_Init          pll.o
    0x00000fdc   0x0000000c   Code   RO          790    i.PWM0A_Duty        pwm.o
    0x00000fe8   0x000000b8   Code   RO          791    i.PWM0A_Init        pwm.o
    0x000010a0   0x0000002c   Code   RO          580    i.Rx5Fifo_Init      esp8266.o
    0x000010cc   0x000000d0   Code   RO          581    i.Rx5Fifo_Put       esp8266.o
    0x0000119c   0x00000014   Code   RO          582    i.Rx5Fifo_Size      esp8266.o
    0x000011b0   0x00000024   Code   RO           35    i.RxFifo_Init       uart.o
    0x000011d4   0x0000003c   Code   RO           36    i.RxFifo_Put        uart.o
    0x00001210   0x00000014   Code   RO           37    i.RxFifo_Size       uart.o
    0x00001224   0x000000f4   Code   RO          248    i.ST7735_DrawCharS  st7735.o
    0x00001318   0x0000004c   Code   RO          252    i.ST7735_DrawPixel  st7735.o
    0x00001364   0x00000056   Code   RO          254    i.ST7735_DrawString  st7735.o
    0x000013ba   0x00000002   PAD
    0x000013bc   0x000000b0   Code   RO          255    i.ST7735_FillRect   st7735.o
    0x0000146c   0x00000024   Code   RO          256    i.ST7735_FillScreen  st7735.o
    0x00001490   0x0000007c   Code   RO          258    i.ST7735_InitR      st7735.o
    0x0000150c   0x000000d8   Code   RO          260    i.ST7735_OutChar    st7735.o
    0x000015e4   0x00000018   Code   RO          261    i.ST7735_OutString  st7735.o
    0x000015fc   0x00000020   Code   RO          271    i.ST7735_SetCursor  st7735.o
    0x0000161c   0x0000000c   Code   RO          273    i.ST7735_SetTextColor  st7735.o
    0x00001628   0x0000007c   Code   RO          759    i.Timer0A_Handler   timer0a.o
    0x000016a4   0x000000e8   Code   RO          760    i.Timer0A_Init      timer0a.o
    0x0000178c   0x00000018   Code   RO          529    i.Timer2A_Handler   timer2.o
    0x000017a4   0x00000060   Code   RO          530    i.Timer2_Init       timer2.o
    0x00001804   0x00000018   Code   RO          550    i.Timer3A_Handler   timer3.o
    0x0000181c   0x00000038   Code   RO          583    i.Tx5Fifo_Get       esp8266.o
    0x00001854   0x00000024   Code   RO          584    i.Tx5Fifo_Init      esp8266.o
    0x00001878   0x0000003c   Code   RO          585    i.Tx5Fifo_Put       esp8266.o
    0x000018b4   0x00000014   Code   RO          586    i.Tx5Fifo_Size      esp8266.o
    0x000018c8   0x0000003c   Code   RO           38    i.TxFifo_Get        uart.o
    0x00001904   0x00000024   Code   RO           39    i.TxFifo_Init       uart.o
    0x00001928   0x0000003c   Code   RO           40    i.TxFifo_Put        uart.o
    0x00001964   0x00000014   Code   RO           41    i.TxFifo_Size       uart.o
    0x00001978   0x00000058   Code   RO           42    i.UART0_Handler     uart.o
    0x000019d0   0x00000058   Code   RO          587    i.UART5_Handler     esp8266.o
    0x00001a28   0x000000d8   Code   RO          588    i.UART5_Init        esp8266.o
    0x00001b00   0x000000cc   Code   RO           48    i.UART_Init         uart.o
    0x00001bcc   0x00000034   Code   RO           49    i.UART_OutChar      uart.o
    0x00001c00   0x00000018   Code   RO           50    i.UART_OutString    uart.o
    0x00001c18   0x00000008   Code   RO          898    i.__aeabi_errno_addr  mc_w.l(errno.o)
    0x00001c20   0x0000000e   Code   RO          946    i.__scatterload_copy  mc_w.l(handlers.o)
    0x00001c2e   0x00000002   Code   RO          947    i.__scatterload_null  mc_w.l(handlers.o)
    0x00001c30   0x0000000e   Code   RO          948    i.__scatterload_zeroinit  mc_w.l(handlers.o)
    0x00001c3e   0x00000056   Code   RO          275    i.commandList       st7735.o
    0x00001c94   0x00000184   Code   RO          276    i.commonInit        st7735.o
    0x00001e18   0x00000028   Code   RO           53    i.copyHardwareToSoftware  uart.o
    0x00001e40   0x00000028   Code   RO          589    i.copyHardwareToSoftware5  esp8266.o
    0x00001e68   0x0000002c   Code   RO           54    i.copySoftwareToHardware  uart.o
    0x00001e94   0x0000002c   Code   RO          590    i.copySoftwareToHardware5  esp8266.o
    0x00001ec0   0x0000001c   Code   RO          277    i.deselect          st7735.o
    0x00001edc   0x00000048   Code   RO          174    i.main              blynk.o
    0x00001f24   0x00000012   Code   RO          282    i.pushColor         st7735.o
    0x00001f36   0x00000002   PAD
    0x00001f38   0x00000074   Code   RO          283    i.setAddrWindow     st7735.o
    0x00001fac   0x00000038   Code   RO          284    i.writecommand      st7735.o
    0x00001fe4   0x00000020   Code   RO          285    i.writedata         st7735.o
    0x00002004   0x00000842   Data   RO          287    .constdata          st7735.o
    0x00002846   0x00000081   Data   RO          913    .constdata          mc_w.l(ctype_o.o)
    0x000028c7   0x00000001   PAD
    0x000028c8   0x00000004   Data   RO          914    .constdata          mc_w.l(ctype_o.o)
    0x000028cc   0x00000020   Data   RO          944    Region$$Table       anon$$obj.o


    Execution Region ER_RW (Base: 0x20000000, Size: 0x0000015c, Max: 0xffffffff, ABSOLUTE, COMPRESSED[0x00000070])

    Base Addr    Size         Type   Attr      Idx    E Section Name        Object

    0x20000000   0x00000010   Data   RW           56    .data               uart.o
    0x20000010   0x00000024   Data   RW          176    .data               blynk.o
    0x20000034   0x0000002c   Data   RW          288    .data               st7735.o
    0x20000060   0x00000004   Data   RW          531    .data               timer2.o
    0x20000064   0x00000004   Data   RW          552    .data               timer3.o
    0x20000068   0x00000094   Data   RW          592    .data               esp8266.o
    0x200000fc   0x00000004   PAD
    0x20000100   0x00000048   Data   RW          727    .data               controller.o
    0x20000148   0x00000008   Data   RW          761    .data               timer0a.o
    0x20000150   0x00000004   Data   RW          822    .data               display.o
    0x20000154   0x00000004   Data   RW          861    .data               mc_w.l(strtok.o)
    0x20000158   0x00000004   Data   RW          901    .data               mc_w.l(errno.o)


    Execution Region ER_ZI (Base: 0x2000015c, Size: 0x00000804, Max: 0xffffffff, ABSOLUTE)

    Base Addr    Size         Type   Attr      Idx    E Section Name        Object

    0x2000015c   0x00000080   Zero   RW           55    .bss                uart.o
    0x200001dc   0x00000040   Zero   RW          175    .bss                blynk.o
    0x2000021c   0x00000340   Zero   RW          591    .bss                esp8266.o
    0x2000055c   0x00000004   PAD
    0x20000560   0x00000400   Zero   RW            1    STACK               startup.o


==============================================================================

Image component sizes


      Code (inc. data)   RO Data    RW Data    ZI Data      Debug   Object Name

       208         44          0         36         64       2291   blynk.o
       162         32          0         72          0       1167   controller.o
        92         28          0          4          0        566   display.o
      1940        618          0        148        832       9786   esp8266.o
       124          6          0          0          0       4631   pll.o
       196         30          0          0          0        850   pwm.o
      1794        204       2114         44          0      13034   st7735.o
       672        622          0          0       1024        900   startup.o
       356         60          0          8          0       2259   timer0a.o
       120         28          0          4          0       1292   timer2.o
        24          8          0          4          0        826   timer3.o
       744        120          0         16        128       6625   uart.o

    ----------------------------------------------------------------------
      6438       1800       2146        340       2052      44227   Object Totals
         0          0         32          0          0          0   (incl. Generated)
         6          0          0          4          4          0   (incl. Padding)

    ----------------------------------------------------------------------

      Code (inc. data)   RO Data    RW Data    ZI Data      Debug   Library Member Name

        92          0          0          0          0          0   __dczerorl2.o
        28          0          0          0          0         68   _chval.o
       158          0          0          0          0         92   _strtoul.o
        26          0          0          0          0         80   atoi.o
         8          4        133          0          0         68   ctype_o.o
         0          0          0          0          0          0   entry.o
         0          0          0          0          0          0   entry10a.o
         0          0          0          0          0          0   entry11a.o
         8          4          0          0          0          0   entry2.o
         4          0          0          0          0          0   entry5.o
         0          0          0          0          0          0   entry7b.o
         0          0          0          0          0          0   entry8b.o
         8          4          0          0          0          0   entry9a.o
         8          4          0          4          0         68   errno.o
        30          0          0          0          0          0   handlers.o
        36          8          0          0          0         68   init.o
         0          0          0          0          0          0   iusefp.o
        30          0          0          0          0         68   llshl.o
        36          0          0          0          0         68   llsshr.o
        32          0          0          0          0         68   llushr.o
        18          0          0          0          0         68   strcpy.o
        68          6          0          4          0         80   strtok.o
       112          0          0          0          0         88   strtol.o
       334          0          0          0          0        148   dadd.o
       222          0          0          0          0        100   ddiv.o
       190          0          0          0          0        176   depilogue.o
        50          0          0          0          0         76   dfixui.o
        26          0          0          0          0         76   dfltui.o
       228          0          0          0          0         96   dmul.o

    ----------------------------------------------------------------------
      1758         30        134          8          0       1556   Library Totals
         6          0          1          0          0          0   (incl. Padding)

    ----------------------------------------------------------------------

      Code (inc. data)   RO Data    RW Data    ZI Data      Debug   Library Name

       702         30        133          8          0        884   mc_w.l
      1050          0          0          0          0        672   mf_w.l

    ----------------------------------------------------------------------
      1758         30        134          8          0       1556   Library Totals

    ----------------------------------------------------------------------

==============================================================================


      Code (inc. data)   RO Data    RW Data    ZI Data      Debug   

      8196       1830       2280        348       2052      41883   Grand Totals
      8196       1830       2280        112       2052      41883   ELF Image Totals (compressed)
      8196       1830       2280        112          0          0   ROM Totals

==============================================================================

    Total RO  Size (Code + RO Data)                10476 (  10.23kB)
    Total RW  Size (RW Data + ZI Data)              2400 (   2.34kB)
    Total ROM Size (Code + RO Data + RW Data)      10588 (  10.34kB)

==============================================================================

